49.9928 	INFO 	Loaded monitor calibration from ['2025_02_12 09:50']
50.0006 	WARNING 	User requested fullscreen with size [1536  864], but screen is actually [1920, 1080]. Using actual size
52.1443 	EXP 	Created window1 = Window(allowGUI=True, allowStencil=True, autoLog=True, backendConf=UNKNOWN, backgroundFit=<method-wrapper '__getattribute__' of attributeSetter object at 0x00000266DB781E40>, backgroundImage=<method-wrapper '__getattribute__' of attributeSetter object at 0x00000266DB781EA0>, bitsMode=UNKNOWN, blendMode='avg', bpc=(8, 8, 8), color=array([0, 0, 0]), colorSpace='rgb', depthBits=8, fullscr=True, gamma=None, gammaErrorPolicy='raise', infoMsg=UNKNOWN, lms=UNKNOWN, monitor=<psychopy.monitors.calibTools.Monitor object at 0x00000266DB8399C0>, multiSample=False, name='window1', numSamples=2, pos=[0.0, 0.0], screen=0, size=array([1920, 1080]), stencilBits=8, stereo=False, title='PsychoPy', units='height', useFBO=True, useRetina=False, viewOri=0.0, viewPos=None, viewScale=None, waitBlanking=True, winType='pyglet')
52.1444 	EXP 	window1: backgroundImage = ''
52.1444 	EXP 	window1: backgroundFit = 'none'
52.3231 	EXP 	window1: Attempting to measure frame rate of screen (0) ...
52.3232 	EXP 	window1: recordFrameIntervals = False
52.4838 	EXP 	window1: recordFrameIntervals = True
52.6674 	EXP 	Screen (0) actual frame rate measured at 60.07Hz
52.6675 	EXP 	window1: recordFrameIntervals = False
57.3063 	INFO 	keyboard.Keyboard is using iohub backend.
57.3063 	EXP 	Word_PrimingExp: status = STARTED
57.3347 	EXP 	Created StudyText = TextStim(__class__=<class 'psychopy.visual.text.TextStim'>, alignHoriz=method-wrapper(...), alignText='center', alignVert=method-wrapper(...), anchorHoriz='center', anchorVert='center', antialias=True, autoDraw=False, autoLog=True, bold=False, color=array([1., 1., 1.]), colorSpace='rgb', contrast=1.0, depth=0.0, draggable=False, flipHoriz=False, flipVert=False, font='Arial', fontFiles=[], height=0.05, italic=False, languageStyle='LTR', name='StudyText', opacity=1, ori=0.0, pos=array([0., 0.]), rgb=UNKNOWN, text='', units='height', win=Window(...), wrapWidth=1)
57.5144 	EXP 	Created Studyslider = Slider(__class__=<class 'psychopy.visual.slider.Slider'>, autoDraw=False, autoLog=True, borderColor=None, color=None, colorSpace='rgb', depth=-1, fillColor=None, flip=False, font='Open Sans', granularity=0.0, labelColor=None, labelHeight=0.05, labelWrapWidth=None, labels=['Familiar', 'Unfamiliar'], lineColor=None, markerColor=None, name='Studyslider', opacity=None, ori=0.0, pos=array([ 0. , -0.3]), readOnly=False, self=UNKNOWN, size=array([1. , 0.1]), startValue=None, style='rating', styleTweaks=[], ticks=array([1, 2, 3, 4, 5]), units='height', win=Window(...))
57.5160 	EXP 	Created TestText = TextStim(__class__=<class 'psychopy.visual.text.TextStim'>, alignHoriz=method-wrapper(...), alignText='center', alignVert=method-wrapper(...), anchorHoriz='center', anchorVert='center', antialias=True, autoDraw=False, autoLog=True, bold=False, color=array([1., 1., 1.]), colorSpace='rgb', contrast=1.0, depth=0.0, draggable=False, flipHoriz=False, flipVert=False, font='Arial', fontFiles=[], height=0.05, italic=False, languageStyle='LTR', name='TestText', opacity=1, ori=0.0, pos=array([0. , 0.3]), rgb=UNKNOWN, text='', units='height', win=Window(...), wrapWidth=1)
57.7126 	EXP 	Created submit_text = TextStim(__class__=<class 'psychopy.visual.text.TextStim'>, alignHoriz=method-wrapper(...), alignText='center', alignVert=method-wrapper(...), anchorHoriz='center', anchorVert='center', antialias=True, autoDraw=False, autoLog=True, bold=False, color=array([1., 1., 1.]), colorSpace='rgb', contrast=1.0, depth=-2.0, draggable=True, flipHoriz=False, flipVert=False, font='Arial', fontFiles=[], height=0.05, italic=False, languageStyle='LTR', name='submit_text', opacity=1, ori=0.0, pos=array([ 0. , -0.3]), rgb=UNKNOWN, text='Click to Submit', units='height', win=Window(...), wrapWidth=1)
0.0026 	EXP 	Studyslider: autoLog = True
0.0026 	EXP 	Studyslider: styleTweaks = []
0.0026 	EXP 	Studyslider: styleTweaks = []
0.0026 	EXP 	Studyslider: styleTweaks = []
0.0026 	EXP 	Studyslider: styleTweaks = []
0.0026 	EXP 	Studyslider: contrast = 1.0
0.0026 	EXP 	Studyslider: markerPos = None
0.0026 	EXP 	Studyslider: autoLog = True
0.0026 	EXP 	test_textbox: autoLog = True
0.0134 	EXP 	Imported study_words.xlsx as conditions, 15 conditions, 1 params
0.0143 	EXP 	New trial (rep=0, index=0): <Trial 0 (0 in rep 0) data={'study_word': 'case', 'thisN': 0, 'thisTrialN': 0, 'thisRepN': 0}>
0.0694 	EXP 	StudyText: height = 0.05
0.0694 	EXP 	StudyText: height = 0.05
0.0694 	EXP 	StudyText: height = 0.05
0.0694 	EXP 	StudyText: text = 'case'
0.0694 	EXP 	Studyslider: markerPos = None
0.0694 	EXP 	Studyslider: markerPos = None
0.0694 	EXP 	StudyText: autoDraw = True
0.0694 	EXP 	Studyslider: autoDraw = True
2.0655 	DATA 	Mouse: Left button down, pos=(420,214)
2.0806 	EXP 	Studyslider: markerPos = 1.0
2.0973 	EXP 	Studyslider: markerPos = 1.0074074074074073
2.1142 	EXP 	Studyslider: markerPos = 1.011111111111111
2.1305 	EXP 	Studyslider: markerPos = 1.011111111111111
2.1473 	EXP 	Studyslider: markerPos = 1.011111111111111
2.1640 	EXP 	Studyslider: markerPos = 1.011111111111111
2.1746 	DATA 	Mouse:  Left button up, pos=(423,214)
2.1806 	EXP 	Studyslider: markerPos = 1.011111111111111
2.1971 	EXP 	Studyslider: markerPos = 1.011111111111111
2.1985 	EXP 	New trial (rep=0, index=1): <Trial 1 (1 in rep 0) data={'study_word': 'cruise', 'thisN': 1, 'thisTrialN': 1, 'thisRepN': 0}>
2.2160 	EXP 	StudyText: autoDraw = False
2.2160 	EXP 	Studyslider: autoDraw = False
2.2160 	EXP 	StudyText: height = 0.05
2.2160 	EXP 	StudyText: height = 0.05
2.2160 	EXP 	StudyText: height = 0.05
2.2160 	EXP 	StudyText: text = 'cruise'
2.2160 	EXP 	Studyslider: markerPos = None
2.2160 	EXP 	Studyslider: markerPos = None
2.2160 	EXP 	StudyText: autoDraw = True
2.2160 	EXP 	Studyslider: autoDraw = True
4.2567 	DATA 	Mouse: Left button down, pos=(426,214)
4.2788 	EXP 	Studyslider: markerPos = 1.0222222222222221
4.2956 	EXP 	Studyslider: markerPos = 1.0222222222222221
4.3122 	EXP 	Studyslider: markerPos = 1.0222222222222221
4.3288 	EXP 	Studyslider: markerPos = 1.0222222222222221
4.3456 	EXP 	Studyslider: markerPos = 1.0222222222222221
4.3621 	EXP 	Studyslider: markerPos = 1.0222222222222221
4.3787 	EXP 	Studyslider: markerPos = 1.0222222222222221
4.3896 	DATA 	Mouse:  Left button up, pos=(426,214)
4.3958 	EXP 	Studyslider: markerPos = 1.0222222222222221
4.4121 	EXP 	Studyslider: markerPos = 1.0222222222222221
4.4139 	EXP 	New trial (rep=0, index=2): <Trial 2 (2 in rep 0) data={'study_word': 'pastry', 'thisN': 2, 'thisTrialN': 2, 'thisRepN': 0}>
4.4307 	EXP 	StudyText: autoDraw = False
4.4307 	EXP 	Studyslider: autoDraw = False
4.4307 	EXP 	StudyText: height = 0.05
4.4307 	EXP 	StudyText: height = 0.05
4.4307 	EXP 	StudyText: height = 0.05
4.4307 	EXP 	StudyText: text = 'pastry'
4.4307 	EXP 	Studyslider: markerPos = None
4.4307 	EXP 	Studyslider: markerPos = None
4.4307 	EXP 	StudyText: autoDraw = True
4.4307 	EXP 	Studyslider: autoDraw = True
8.0102 	DATA 	Mouse: Left button down, pos=(426,214)
8.0255 	EXP 	Studyslider: markerPos = 1.0222222222222221
8.0424 	EXP 	Studyslider: markerPos = 1.0222222222222221
8.0589 	EXP 	Studyslider: markerPos = 1.0222222222222221
8.0756 	EXP 	Studyslider: markerPos = 1.0222222222222221
8.0923 	EXP 	Studyslider: markerPos = 1.0222222222222221
8.1089 	EXP 	Studyslider: markerPos = 1.0222222222222221
8.1255 	EXP 	Studyslider: markerPos = 1.0222222222222221
8.1420 	EXP 	Studyslider: markerPos = 1.0222222222222221
8.1586 	EXP 	Studyslider: markerPos = 1.0222222222222221
8.1601 	DATA 	Mouse:  Left button up, pos=(426,214)
8.1755 	EXP 	Studyslider: markerPos = 1.0222222222222221
8.1769 	EXP 	New trial (rep=0, index=3): <Trial 3 (3 in rep 0) data={'study_word': 'chart', 'thisN': 3, 'thisTrialN': 3, 'thisRepN': 0}>
8.1941 	EXP 	StudyText: autoDraw = False
8.1941 	EXP 	Studyslider: autoDraw = False
8.1941 	EXP 	StudyText: height = 0.05
8.1941 	EXP 	StudyText: height = 0.05
8.1941 	EXP 	StudyText: height = 0.05
8.1941 	EXP 	StudyText: text = 'chart'
8.1941 	EXP 	Studyslider: markerPos = None
8.1941 	EXP 	Studyslider: markerPos = None
8.1941 	EXP 	StudyText: autoDraw = True
8.1941 	EXP 	Studyslider: autoDraw = True
10.5315 	DATA 	Mouse: Left button down, pos=(427,216)
10.5565 	EXP 	Studyslider: markerPos = 1.025925925925926
10.5734 	EXP 	Studyslider: markerPos = 1.025925925925926
10.5900 	EXP 	Studyslider: markerPos = 1.025925925925926
10.6067 	EXP 	Studyslider: markerPos = 1.0333333333333334
10.6233 	EXP 	Studyslider: markerPos = 1.0333333333333334
10.6398 	EXP 	Studyslider: markerPos = 1.0333333333333334
10.6564 	EXP 	Studyslider: markerPos = 1.0333333333333334
10.6731 	EXP 	Studyslider: markerPos = 1.0333333333333334
10.6748 	DATA 	Mouse:  Left button up, pos=(429,218)
10.6898 	EXP 	Studyslider: markerPos = 1.0333333333333334
10.6913 	EXP 	New trial (rep=0, index=4): <Trial 4 (4 in rep 0) data={'study_word': 'book', 'thisN': 4, 'thisTrialN': 4, 'thisRepN': 0}>
10.7064 	EXP 	StudyText: autoDraw = False
10.7064 	EXP 	Studyslider: autoDraw = False
10.7064 	EXP 	StudyText: height = 0.05
10.7064 	EXP 	StudyText: height = 0.05
10.7064 	EXP 	StudyText: height = 0.05
10.7064 	EXP 	StudyText: text = 'book'
10.7064 	EXP 	Studyslider: markerPos = None
10.7064 	EXP 	Studyslider: markerPos = None
10.7064 	EXP 	StudyText: autoDraw = True
10.7064 	EXP 	Studyslider: autoDraw = True
13.3796 	DATA 	Mouse: Left button down, pos=(442,225)
13.4044 	EXP 	Studyslider: markerPos = 1.0814814814814815
13.4210 	EXP 	Studyslider: markerPos = 1.0814814814814815
13.4376 	EXP 	Studyslider: markerPos = 1.0814814814814815
13.4541 	EXP 	Studyslider: markerPos = 1.0814814814814815
13.4707 	EXP 	Studyslider: markerPos = 1.0814814814814815
13.4873 	EXP 	Studyslider: markerPos = 1.0814814814814815
13.5042 	EXP 	Studyslider: markerPos = 1.0814814814814815
13.5207 	EXP 	Studyslider: markerPos = 1.0814814814814815
13.5224 	DATA 	Mouse:  Left button up, pos=(442,225)
13.5375 	EXP 	Studyslider: markerPos = 1.0814814814814815
13.5389 	EXP 	New trial (rep=0, index=5): <Trial 5 (5 in rep 0) data={'study_word': 'keys', 'thisN': 5, 'thisTrialN': 5, 'thisRepN': 0}>
13.5541 	EXP 	StudyText: autoDraw = False
13.5541 	EXP 	Studyslider: autoDraw = False
13.5541 	EXP 	StudyText: height = 0.05
13.5541 	EXP 	StudyText: height = 0.05
13.5541 	EXP 	StudyText: height = 0.05
13.5541 	EXP 	StudyText: text = 'keys'
13.5541 	EXP 	Studyslider: markerPos = None
13.5541 	EXP 	Studyslider: markerPos = None
13.5541 	EXP 	StudyText: autoDraw = True
13.5541 	EXP 	Studyslider: autoDraw = True
15.1374 	DATA 	Mouse: Left button down, pos=(442,225)
15.1525 	EXP 	Studyslider: markerPos = 1.0814814814814815
15.1692 	EXP 	Studyslider: markerPos = 1.0814814814814815
15.1860 	EXP 	Studyslider: markerPos = 1.0814814814814815
15.2025 	EXP 	Studyslider: markerPos = 1.0814814814814815
15.2191 	EXP 	Studyslider: markerPos = 1.0814814814814815
15.2359 	EXP 	Studyslider: markerPos = 1.0814814814814815
15.2527 	EXP 	Studyslider: markerPos = 1.0814814814814815
15.2693 	EXP 	Studyslider: markerPos = 1.0814814814814815
15.2708 	DATA 	Mouse:  Left button up, pos=(442,225)
15.2857 	EXP 	Studyslider: markerPos = 1.0814814814814815
15.2871 	EXP 	New trial (rep=0, index=6): <Trial 6 (6 in rep 0) data={'study_word': 'tshirt', 'thisN': 6, 'thisTrialN': 6, 'thisRepN': 0}>
15.3028 	EXP 	StudyText: autoDraw = False
15.3028 	EXP 	Studyslider: autoDraw = False
15.3028 	EXP 	StudyText: height = 0.05
15.3028 	EXP 	StudyText: height = 0.05
15.3028 	EXP 	StudyText: height = 0.05
15.3028 	EXP 	StudyText: text = 'tshirt'
15.3028 	EXP 	Studyslider: markerPos = None
15.3028 	EXP 	Studyslider: markerPos = None
15.3028 	EXP 	StudyText: autoDraw = True
15.3028 	EXP 	Studyslider: autoDraw = True
16.8025 	DATA 	Mouse: Left button down, pos=(442,225)
16.8179 	EXP 	Studyslider: markerPos = 1.0814814814814815
16.8343 	EXP 	Studyslider: markerPos = 1.0814814814814815
16.8511 	EXP 	Studyslider: markerPos = 1.0814814814814815
16.8679 	EXP 	Studyslider: markerPos = 1.0814814814814815
16.8845 	EXP 	Studyslider: markerPos = 1.0814814814814815
16.9011 	EXP 	Studyslider: markerPos = 1.0814814814814815
16.9176 	EXP 	Studyslider: markerPos = 1.0814814814814815
16.9343 	EXP 	Studyslider: markerPos = 1.0814814814814815
16.9510 	EXP 	Studyslider: markerPos = 1.0814814814814815
16.9529 	DATA 	Mouse:  Left button up, pos=(442,225)
16.9678 	EXP 	Studyslider: markerPos = 1.0814814814814815
16.9693 	EXP 	New trial (rep=0, index=7): <Trial 7 (7 in rep 0) data={'study_word': 'police', 'thisN': 7, 'thisTrialN': 7, 'thisRepN': 0}>
16.9842 	EXP 	StudyText: autoDraw = False
16.9842 	EXP 	Studyslider: autoDraw = False
16.9842 	EXP 	StudyText: height = 0.05
16.9842 	EXP 	StudyText: height = 0.05
16.9842 	EXP 	StudyText: height = 0.05
16.9842 	EXP 	StudyText: text = 'police'
16.9842 	EXP 	Studyslider: markerPos = None
16.9842 	EXP 	Studyslider: markerPos = None
16.9842 	EXP 	StudyText: autoDraw = True
16.9842 	EXP 	Studyslider: autoDraw = True
19.9833 	DATA 	Mouse: Left button down, pos=(442,225)
19.9987 	EXP 	Studyslider: markerPos = 1.0814814814814815
20.0154 	EXP 	Studyslider: markerPos = 1.0814814814814815
20.0319 	EXP 	Studyslider: markerPos = 1.0814814814814815
20.0486 	EXP 	Studyslider: markerPos = 1.0814814814814815
20.0653 	EXP 	Studyslider: markerPos = 1.0814814814814815
20.0820 	EXP 	Studyslider: markerPos = 1.1037037037037036
20.0984 	EXP 	Studyslider: markerPos = 1.114814814814815
20.1154 	EXP 	Studyslider: markerPos = 1.114814814814815
20.1256 	DATA 	Mouse:  Left button up, pos=(453,241)
20.1319 	EXP 	Studyslider: markerPos = 1.1222222222222222
20.1484 	EXP 	Studyslider: markerPos = 1.1222222222222222
20.1497 	EXP 	New trial (rep=0, index=8): <Trial 8 (8 in rep 0) data={'study_word': 'cushion', 'thisN': 8, 'thisTrialN': 8, 'thisRepN': 0}>
20.1674 	EXP 	StudyText: autoDraw = False
20.1674 	EXP 	Studyslider: autoDraw = False
20.1674 	EXP 	StudyText: height = 0.05
20.1674 	EXP 	StudyText: height = 0.05
20.1674 	EXP 	StudyText: height = 0.05
20.1674 	EXP 	StudyText: text = 'cushion'
20.1674 	EXP 	Studyslider: markerPos = None
20.1674 	EXP 	Studyslider: markerPos = None
20.1674 	EXP 	StudyText: autoDraw = True
20.1674 	EXP 	Studyslider: autoDraw = True
24.5632 	DATA 	Mouse: Left button down, pos=(431,224)
24.5780 	EXP 	Studyslider: markerPos = 1.0407407407407407
24.5946 	EXP 	Studyslider: markerPos = 1.0407407407407407
24.6113 	EXP 	Studyslider: markerPos = 1.0407407407407407
24.6278 	EXP 	Studyslider: markerPos = 1.0444444444444445
24.6444 	EXP 	Studyslider: markerPos = 1.0444444444444445
24.6611 	EXP 	Studyslider: markerPos = 1.048148148148148
24.6777 	EXP 	Studyslider: markerPos = 1.048148148148148
24.6946 	EXP 	Studyslider: markerPos = 1.048148148148148
24.7111 	EXP 	Studyslider: markerPos = 1.048148148148148
24.7277 	EXP 	Studyslider: markerPos = 1.048148148148148
24.7292 	DATA 	Mouse:  Left button up, pos=(433,220)
24.7448 	EXP 	Studyslider: markerPos = 1.048148148148148
24.7461 	EXP 	New trial (rep=0, index=9): <Trial 9 (9 in rep 0) data={'study_word': 'poster', 'thisN': 9, 'thisTrialN': 9, 'thisRepN': 0}>
24.7609 	EXP 	StudyText: autoDraw = False
24.7609 	EXP 	Studyslider: autoDraw = False
24.7609 	EXP 	StudyText: height = 0.05
24.7609 	EXP 	StudyText: height = 0.05
24.7609 	EXP 	StudyText: height = 0.05
24.7609 	EXP 	StudyText: text = 'poster'
24.7609 	EXP 	Studyslider: markerPos = None
24.7609 	EXP 	Studyslider: markerPos = None
24.7609 	EXP 	StudyText: autoDraw = True
24.7609 	EXP 	Studyslider: autoDraw = True
27.0103 	DATA 	Mouse: Left button down, pos=(433,220)
27.0257 	EXP 	Studyslider: markerPos = 1.048148148148148
27.0422 	EXP 	Studyslider: markerPos = 1.048148148148148
27.0588 	EXP 	Studyslider: markerPos = 1.048148148148148
27.0756 	EXP 	Studyslider: markerPos = 1.048148148148148
27.0922 	EXP 	Studyslider: markerPos = 1.048148148148148
27.1088 	EXP 	Studyslider: markerPos = 1.048148148148148
27.1255 	EXP 	Studyslider: markerPos = 1.048148148148148
27.1422 	EXP 	Studyslider: markerPos = 1.048148148148148
27.1523 	DATA 	Mouse:  Left button up, pos=(433,220)
27.1588 	EXP 	Studyslider: markerPos = 1.048148148148148
27.1755 	EXP 	Studyslider: markerPos = 1.048148148148148
27.1771 	EXP 	New trial (rep=0, index=10): <Trial 10 (10 in rep 0) data={'study_word': 'mouse', 'thisN': 10, 'thisTrialN': 10, 'thisRepN': 0}>
27.1920 	EXP 	StudyText: autoDraw = False
27.1920 	EXP 	Studyslider: autoDraw = False
27.1920 	EXP 	StudyText: height = 0.05
27.1920 	EXP 	StudyText: height = 0.05
27.1920 	EXP 	StudyText: height = 0.05
27.1920 	EXP 	StudyText: text = 'mouse'
27.1920 	EXP 	Studyslider: markerPos = None
27.1920 	EXP 	Studyslider: markerPos = None
27.1920 	EXP 	StudyText: autoDraw = True
27.1920 	EXP 	Studyslider: autoDraw = True
29.3582 	DATA 	Mouse: Left button down, pos=(433,220)
29.3738 	EXP 	Studyslider: markerPos = 1.048148148148148
29.3903 	EXP 	Studyslider: markerPos = 1.048148148148148
29.4069 	EXP 	Studyslider: markerPos = 1.048148148148148
29.4236 	EXP 	Studyslider: markerPos = 1.048148148148148
29.4404 	EXP 	Studyslider: markerPos = 1.048148148148148
29.4568 	EXP 	Studyslider: markerPos = 1.048148148148148
29.4735 	EXP 	Studyslider: markerPos = 1.048148148148148
29.4904 	EXP 	Studyslider: markerPos = 1.048148148148148
29.5003 	DATA 	Mouse:  Left button up, pos=(433,220)
29.5070 	EXP 	Studyslider: markerPos = 1.048148148148148
29.5236 	EXP 	Studyslider: markerPos = 1.048148148148148
29.5251 	EXP 	New trial (rep=0, index=11): <Trial 11 (11 in rep 0) data={'study_word': 'board', 'thisN': 11, 'thisTrialN': 11, 'thisRepN': 0}>
29.5404 	EXP 	StudyText: autoDraw = False
29.5404 	EXP 	Studyslider: autoDraw = False
29.5404 	EXP 	StudyText: height = 0.05
29.5404 	EXP 	StudyText: height = 0.05
29.5404 	EXP 	StudyText: height = 0.05
29.5404 	EXP 	StudyText: text = 'board'
29.5404 	EXP 	Studyslider: markerPos = None
29.5404 	EXP 	Studyslider: markerPos = None
29.5404 	EXP 	StudyText: autoDraw = True
29.5404 	EXP 	Studyslider: autoDraw = True
33.1383 	DATA 	Mouse: Left button down, pos=(433,220)
33.1537 	EXP 	Studyslider: markerPos = 1.048148148148148
33.1701 	EXP 	Studyslider: markerPos = 1.048148148148148
33.1869 	EXP 	Studyslider: markerPos = 1.048148148148148
33.2034 	EXP 	Studyslider: markerPos = 1.048148148148148
33.2202 	EXP 	Studyslider: markerPos = 1.048148148148148
33.2367 	EXP 	Studyslider: markerPos = 1.048148148148148
33.2535 	EXP 	Studyslider: markerPos = 1.048148148148148
33.2700 	EXP 	Studyslider: markerPos = 1.048148148148148
33.2870 	EXP 	Studyslider: markerPos = 1.048148148148148
33.3003 	DATA 	Mouse:  Left button up, pos=(433,220)
33.3034 	EXP 	Studyslider: markerPos = 1.048148148148148
33.3201 	EXP 	Studyslider: markerPos = 1.048148148148148
33.3216 	EXP 	New trial (rep=0, index=12): <Trial 12 (12 in rep 0) data={'study_word': 'laptop', 'thisN': 12, 'thisTrialN': 12, 'thisRepN': 0}>
33.3367 	EXP 	StudyText: autoDraw = False
33.3367 	EXP 	Studyslider: autoDraw = False
33.3367 	EXP 	StudyText: height = 0.05
33.3367 	EXP 	StudyText: height = 0.05
33.3367 	EXP 	StudyText: height = 0.05
33.3367 	EXP 	StudyText: text = 'laptop'
33.3367 	EXP 	Studyslider: markerPos = None
33.3367 	EXP 	Studyslider: markerPos = None
33.3367 	EXP 	StudyText: autoDraw = True
33.3367 	EXP 	Studyslider: autoDraw = True
36.9417 	DATA 	Mouse: Left button down, pos=(433,220)
36.9669 	EXP 	Studyslider: markerPos = 1.048148148148148
36.9837 	EXP 	Studyslider: markerPos = 1.048148148148148
37.0003 	EXP 	Studyslider: markerPos = 1.048148148148148
37.0168 	EXP 	Studyslider: markerPos = 1.048148148148148
37.0334 	EXP 	Studyslider: markerPos = 1.048148148148148
37.0501 	EXP 	Studyslider: markerPos = 1.048148148148148
37.0669 	EXP 	Studyslider: markerPos = 1.048148148148148
37.0863 	EXP 	Studyslider: markerPos = 1.048148148148148
37.0999 	EXP 	Studyslider: markerPos = 1.048148148148148
37.1110 	DATA 	Mouse:  Left button up, pos=(433,220)
37.1166 	EXP 	Studyslider: markerPos = 1.048148148148148
37.1333 	EXP 	Studyslider: markerPos = 1.048148148148148
37.1347 	EXP 	New trial (rep=0, index=13): <Trial 13 (13 in rep 0) data={'study_word': 'phone', 'thisN': 13, 'thisTrialN': 13, 'thisRepN': 0}>
37.1509 	EXP 	StudyText: autoDraw = False
37.1509 	EXP 	Studyslider: autoDraw = False
37.1509 	EXP 	StudyText: height = 0.05
37.1509 	EXP 	StudyText: height = 0.05
37.1509 	EXP 	StudyText: height = 0.05
37.1509 	EXP 	StudyText: text = 'phone'
37.1509 	EXP 	Studyslider: markerPos = None
37.1509 	EXP 	Studyslider: markerPos = None
37.1509 	EXP 	StudyText: autoDraw = True
37.1509 	EXP 	Studyslider: autoDraw = True
40.2386 	DATA 	Mouse: Left button down, pos=(433,220)
40.2643 	EXP 	Studyslider: markerPos = 1.048148148148148
40.2810 	EXP 	Studyslider: markerPos = 1.048148148148148
40.2977 	EXP 	Studyslider: markerPos = 1.048148148148148
40.3142 	EXP 	Studyslider: markerPos = 1.048148148148148
40.3308 	EXP 	Studyslider: markerPos = 1.048148148148148
40.3476 	EXP 	Studyslider: markerPos = 1.048148148148148
40.3642 	EXP 	Studyslider: markerPos = 1.048148148148148
40.3808 	EXP 	Studyslider: markerPos = 1.048148148148148
40.3976 	EXP 	Studyslider: markerPos = 1.048148148148148
40.4142 	EXP 	Studyslider: markerPos = 1.048148148148148
40.4307 	EXP 	Studyslider: markerPos = 1.048148148148148
40.4323 	DATA 	Mouse:  Left button up, pos=(433,220)
40.4475 	EXP 	Studyslider: markerPos = 1.048148148148148
40.4489 	EXP 	New trial (rep=0, index=14): <Trial 14 (14 in rep 0) data={'study_word': 'marble', 'thisN': 14, 'thisTrialN': 14, 'thisRepN': 0}>
40.4649 	EXP 	StudyText: autoDraw = False
40.4649 	EXP 	Studyslider: autoDraw = False
40.4649 	EXP 	StudyText: height = 0.05
40.4649 	EXP 	StudyText: height = 0.05
40.4649 	EXP 	StudyText: height = 0.05
40.4649 	EXP 	StudyText: text = 'marble'
40.4649 	EXP 	Studyslider: markerPos = None
40.4649 	EXP 	Studyslider: markerPos = None
40.4649 	EXP 	StudyText: autoDraw = True
40.4649 	EXP 	Studyslider: autoDraw = True
46.5501 	DATA 	Mouse: Left button down, pos=(433,220)
46.5753 	EXP 	Studyslider: markerPos = 1.048148148148148
46.5919 	EXP 	Studyslider: markerPos = 1.048148148148148
46.6083 	EXP 	Studyslider: markerPos = 1.048148148148148
46.6252 	EXP 	Studyslider: markerPos = 1.048148148148148
46.6419 	EXP 	Studyslider: markerPos = 1.048148148148148
46.6586 	EXP 	Studyslider: markerPos = 1.048148148148148
46.6751 	EXP 	Studyslider: markerPos = 1.048148148148148
46.6917 	EXP 	Studyslider: markerPos = 1.048148148148148
46.7083 	EXP 	Studyslider: markerPos = 1.048148148148148
46.7185 	DATA 	Mouse:  Left button up, pos=(433,220)
46.7250 	EXP 	Studyslider: markerPos = 1.048148148148148
46.7416 	EXP 	Studyslider: markerPos = 1.048148148148148
46.7554 	EXP 	Imported test_words.xlsx as conditions, 30 conditions, 3 params
46.7560 	EXP 	New trial (rep=0, index=0): <Trial 0 (0 in rep 0) data={'test_word': 's_ra_g_t', 'Reference': 'straight', 'old_new': 'new', 'thisN': 0, 'thisTrialN': 0, 'thisRepN': 0}>
46.7748 	EXP 	StudyText: autoDraw = False
46.7748 	EXP 	Studyslider: autoDraw = False
46.7748 	EXP 	TestText: height = 0.05
46.7748 	EXP 	TestText: height = 0.05
46.7748 	EXP 	TestText: height = 0.05
46.7748 	EXP 	TestText: text = 's_ra_g_t'
46.7748 	EXP 	TestText: autoDraw = True
46.7748 	EXP 	test_textbox: autoDraw = True
46.7748 	EXP 	submit_text: autoDraw = True
49.7062 	DATA 	Keypress: s
49.8792 	DATA 	Keypress: t
50.2057 	DATA 	Keypress: r
50.4723 	DATA 	Keypress: a
51.0882 	DATA 	Keypress: i
51.2879 	DATA 	Keypress: g
51.4385 	DATA 	Keypress: h
51.6210 	DATA 	Keypress: t
52.7371 	DATA 	Mouse: Left button down, pos=(987,228)
52.7387 	EXP 	New trial (rep=0, index=1): <Trial 1 (1 in rep 0) data={'test_word': 'p_li_e', 'Reference': 'police', 'old_new': 'old', 'thisN': 1, 'thisTrialN': 1, 'thisRepN': 0}>
52.7531 	EXP 	TestText: autoDraw = False
52.7531 	EXP 	test_textbox: autoDraw = False
52.7531 	EXP 	submit_text: autoDraw = False
52.7531 	EXP 	TestText: height = 0.05
52.7531 	EXP 	TestText: height = 0.05
52.7531 	EXP 	TestText: height = 0.05
52.7531 	EXP 	TestText: text = 'p_li_e'
52.7531 	EXP 	TestText: autoDraw = True
52.7531 	EXP 	test_textbox: autoDraw = True
52.7531 	EXP 	submit_text: autoDraw = True
52.8444 	DATA 	Mouse:  Left button up, pos=(987,228)
54.5599 	DATA 	Keypress: p
54.9517 	DATA 	Keypress: o
55.1849 	DATA 	Keypress: l
55.6843 	DATA 	Keypress: i
55.9510 	DATA 	Keypress: c
56.0175 	DATA 	Keypress: e
56.7337 	DATA 	Mouse: Left button down, pos=(993,234)
56.7350 	EXP 	New trial (rep=0, index=2): <Trial 2 (2 in rep 0) data={'test_word': '_o_se', 'Reference': 'mouse', 'old_new': 'old', 'thisN': 2, 'thisTrialN': 2, 'thisRepN': 0}>
56.7496 	EXP 	TestText: autoDraw = False
56.7496 	EXP 	test_textbox: autoDraw = False
56.7496 	EXP 	submit_text: autoDraw = False
56.7496 	EXP 	TestText: height = 0.05
56.7496 	EXP 	TestText: height = 0.05
56.7496 	EXP 	TestText: height = 0.05
56.7496 	EXP 	TestText: text = '_o_se'
56.7496 	EXP 	TestText: autoDraw = True
56.7496 	EXP 	test_textbox: autoDraw = True
56.7496 	EXP 	submit_text: autoDraw = True
56.8239 	DATA 	Mouse:  Left button up, pos=(1008,240)
58.3229 	DATA 	Keypress: m
58.5363 	DATA 	Keypress: o
58.7524 	DATA 	Keypress: u
58.9147 	DATA 	Keypress: s
59.0482 	DATA 	Keypress: e
59.9322 	DATA 	Mouse: Left button down, pos=(1008,240)
59.9335 	EXP 	New trial (rep=0, index=3): <Trial 3 (3 in rep 0) data={'test_word': '_o_rd', 'Reference': 'board', 'old_new': 'old', 'thisN': 3, 'thisTrialN': 3, 'thisRepN': 0}>
59.9487 	EXP 	TestText: autoDraw = False
59.9487 	EXP 	test_textbox: autoDraw = False
59.9487 	EXP 	submit_text: autoDraw = False
59.9487 	EXP 	TestText: height = 0.05
59.9487 	EXP 	TestText: height = 0.05
59.9487 	EXP 	TestText: height = 0.05
59.9487 	EXP 	TestText: text = '_o_rd'
59.9487 	EXP 	TestText: autoDraw = True
59.9487 	EXP 	test_textbox: autoDraw = True
59.9487 	EXP 	submit_text: autoDraw = True
60.0478 	DATA 	Mouse:  Left button up, pos=(1011,238)
64.3108 	DATA 	Keypress: b
64.7270 	DATA 	Keypress: o
65.1482 	DATA 	Keypress: a
65.3645 	DATA 	Keypress: r
65.5476 	DATA 	Keypress: d
67.2294 	DATA 	Mouse: Left button down, pos=(1013,206)
67.2420 	EXP 	New trial (rep=0, index=4): <Trial 4 (4 in rep 0) data={'test_word': 'or_n_e', 'Reference': 'orange', 'old_new': 'new', 'thisN': 4, 'thisTrialN': 4, 'thisRepN': 0}>
67.2574 	EXP 	TestText: autoDraw = False
67.2574 	EXP 	test_textbox: autoDraw = False
67.2574 	EXP 	submit_text: autoDraw = False
67.2574 	EXP 	TestText: height = 0.05
67.2574 	EXP 	TestText: height = 0.05
67.2574 	EXP 	TestText: height = 0.05
67.2574 	EXP 	TestText: text = 'or_n_e'
67.2574 	EXP 	TestText: autoDraw = True
67.2574 	EXP 	test_textbox: autoDraw = True
67.2574 	EXP 	submit_text: autoDraw = True
67.3323 	DATA 	Mouse:  Left button up, pos=(1013,206)
69.3558 	DATA 	Keypress: o
69.7721 	DATA 	Keypress: r
69.9556 	DATA 	Keypress: a
75.1725 	DATA 	Keypress: n
75.4346 	DATA 	Keypress: g
75.6176 	DATA 	Keypress: e
77.1165 	DATA 	Mouse: Left button down, pos=(1013,206)
77.1188 	EXP 	New trial (rep=0, index=5): <Trial 5 (5 in rep 0) data={'test_word': 's_up', 'Reference': 'soup', 'old_new': 'new', 'thisN': 5, 'thisTrialN': 5, 'thisRepN': 0}>
77.1340 	EXP 	TestText: autoDraw = False
77.1340 	EXP 	test_textbox: autoDraw = False
77.1340 	EXP 	submit_text: autoDraw = False
77.1340 	EXP 	TestText: height = 0.05
77.1340 	EXP 	TestText: height = 0.05
77.1340 	EXP 	TestText: height = 0.05
77.1340 	EXP 	TestText: text = 's_up'
77.1340 	EXP 	TestText: autoDraw = True
77.1340 	EXP 	test_textbox: autoDraw = True
77.1340 	EXP 	submit_text: autoDraw = True
77.2414 	DATA 	Mouse:  Left button up, pos=(1013,206)
78.7815 	DATA 	Keypress: s
79.0978 	DATA 	Keypress: o
79.6640 	DATA 	Keypress: u
80.5847 	DATA 	Keypress: p
81.4297 	DATA 	Mouse: Left button down, pos=(1013,209)
81.4318 	EXP 	New trial (rep=0, index=6): <Trial 6 (6 in rep 0) data={'test_word': 'p_st_r', 'Reference': 'poster', 'old_new': 'old', 'thisN': 6, 'thisTrialN': 6, 'thisRepN': 0}>
81.4547 	EXP 	TestText: autoDraw = False
81.4547 	EXP 	test_textbox: autoDraw = False
81.4547 	EXP 	submit_text: autoDraw = False
81.4547 	EXP 	TestText: height = 0.05
81.4547 	EXP 	TestText: height = 0.05
81.4547 	EXP 	TestText: height = 0.05
81.4547 	EXP 	TestText: text = 'p_st_r'
81.4547 	EXP 	TestText: autoDraw = True
81.4547 	EXP 	test_textbox: autoDraw = True
81.4547 	EXP 	submit_text: autoDraw = True
81.5126 	DATA 	Mouse:  Left button up, pos=(1013,209)
82.5346 	DATA 	Keypress: p
82.7775 	DATA 	Keypress: o
83.0105 	DATA 	Keypress: a
83.7141 	DATA 	Keypress: backspace
84.0261 	DATA 	Keypress: s
84.3425 	DATA 	Keypress: t
84.4925 	DATA 	Keypress: e
84.6590 	DATA 	Keypress: r
85.7800 	DATA 	Mouse: Left button down, pos=(966,229)
85.7925 	EXP 	New trial (rep=0, index=7): <Trial 7 (7 in rep 0) data={'test_word': 'h_n_', 'Reference': 'hand', 'old_new': 'new', 'thisN': 7, 'thisTrialN': 7, 'thisRepN': 0}>
85.8077 	EXP 	TestText: autoDraw = False
85.8077 	EXP 	test_textbox: autoDraw = False
85.8077 	EXP 	submit_text: autoDraw = False
85.8077 	EXP 	TestText: height = 0.05
85.8077 	EXP 	TestText: height = 0.05
85.8077 	EXP 	TestText: height = 0.05
85.8077 	EXP 	TestText: text = 'h_n_'
85.8077 	EXP 	TestText: autoDraw = True
85.8077 	EXP 	test_textbox: autoDraw = True
85.8077 	EXP 	submit_text: autoDraw = True
85.8751 	DATA 	Mouse:  Left button up, pos=(966,229)
88.6229 	DATA 	Keypress: h
88.8562 	DATA 	Keypress: a
89.7553 	DATA 	Keypress: backspace
89.8927 	DATA 	Keypress: backspace
91.0214 	DATA 	Mouse: Left button down, pos=(966,229)
91.0227 	EXP 	New trial (rep=0, index=8): <Trial 8 (8 in rep 0) data={'test_word': 'c_s_io_', 'Reference': 'cushion', 'old_new': 'old', 'thisN': 8, 'thisTrialN': 8, 'thisRepN': 0}>
91.0381 	EXP 	TestText: autoDraw = False
91.0381 	EXP 	test_textbox: autoDraw = False
91.0381 	EXP 	submit_text: autoDraw = False
91.0381 	EXP 	TestText: height = 0.05
91.0381 	EXP 	TestText: height = 0.05
91.0381 	EXP 	TestText: height = 0.05
91.0381 	EXP 	TestText: text = 'c_s_io_'
91.0381 	EXP 	TestText: autoDraw = True
91.0381 	EXP 	test_textbox: autoDraw = True
91.0381 	EXP 	submit_text: autoDraw = True
91.1543 	DATA 	Mouse:  Left button up, pos=(966,229)
92.4687 	DATA 	Keypress: c
92.6686 	DATA 	Keypress: u
92.8228 	DATA 	Keypress: s
93.0518 	DATA 	Keypress: h
93.2903 	DATA 	Keypress: i
93.5346 	DATA 	Keypress: o
93.7888 	DATA 	Keypress: n
94.7557 	DATA 	Mouse: Left button down, pos=(966,229)
94.7679 	EXP 	New trial (rep=0, index=9): <Trial 9 (9 in rep 0) data={'test_word': '_ho_e', 'Reference': 'phone', 'old_new': 'old', 'thisN': 9, 'thisTrialN': 9, 'thisRepN': 0}>
94.7833 	EXP 	TestText: autoDraw = False
94.7833 	EXP 	test_textbox: autoDraw = False
94.7833 	EXP 	submit_text: autoDraw = False
94.7833 	EXP 	TestText: height = 0.05
94.7833 	EXP 	TestText: height = 0.05
94.7833 	EXP 	TestText: height = 0.05
94.7833 	EXP 	TestText: text = '_ho_e'
94.7833 	EXP 	TestText: autoDraw = True
94.7833 	EXP 	test_textbox: autoDraw = True
94.7833 	EXP 	submit_text: autoDraw = True
94.8508 	DATA 	Mouse:  Left button up, pos=(966,229)
104.7910 	EXP 	TestText: autoDraw = False
104.8805 	DATA 	Keypress: p
105.2576 	DATA 	Keypress: h
105.4908 	DATA 	Keypress: o
105.6906 	DATA 	Keypress: n
105.8906 	DATA 	Keypress: e
106.6276 	DATA 	Mouse: Left button down, pos=(966,229)
106.6410 	EXP 	New trial (rep=0, index=10): <Trial 10 (10 in rep 0) data={'test_word': '_u_rd', 'Reference': 'guard', 'old_new': 'new', 'thisN': 10, 'thisTrialN': 10, 'thisRepN': 0}>
106.6565 	EXP 	TestText: autoDraw = False
106.6565 	EXP 	test_textbox: autoDraw = False
106.6565 	EXP 	submit_text: autoDraw = False
106.6565 	EXP 	TestText: height = 0.05
106.6565 	EXP 	TestText: height = 0.05
106.6565 	EXP 	TestText: height = 0.05
106.6565 	EXP 	TestText: text = '_u_rd'
106.6565 	EXP 	TestText: autoDraw = True
106.6565 	EXP 	test_textbox: autoDraw = True
106.6565 	EXP 	submit_text: autoDraw = True
106.7241 	DATA 	Mouse:  Left button up, pos=(966,229)
113.8171 	DATA 	Mouse: Left button down, pos=(995,219)
113.8184 	EXP 	New trial (rep=0, index=11): <Trial 11 (11 in rep 0) data={'test_word': 't_hi_t', 'Reference': 'tshirt', 'old_new': 'old', 'thisN': 11, 'thisTrialN': 11, 'thisRepN': 0}>
113.8330 	EXP 	TestText: autoDraw = False
113.8330 	EXP 	test_textbox: autoDraw = False
113.8330 	EXP 	submit_text: autoDraw = False
113.8330 	EXP 	TestText: height = 0.05
113.8330 	EXP 	TestText: height = 0.05
113.8330 	EXP 	TestText: height = 0.05
113.8330 	EXP 	TestText: text = 't_hi_t'
113.8330 	EXP 	TestText: autoDraw = True
113.8330 	EXP 	test_textbox: autoDraw = True
113.8330 	EXP 	submit_text: autoDraw = True
113.9836 	DATA 	Mouse:  Left button up, pos=(995,219)
114.8732 	DATA 	Keypress: t
115.0704 	DATA 	Keypress: s
115.1823 	DATA 	Keypress: s
115.5866 	DATA 	Keypress: i
115.7486 	DATA 	Keypress: r
116.8478 	DATA 	Keypress: backspace
117.0025 	DATA 	Keypress: backspace
117.1975 	DATA 	Keypress: backspace
118.0465 	DATA 	Keypress: h
118.2129 	DATA 	Keypress: i
118.3298 	DATA 	Keypress: r
118.4677 	DATA 	Keypress: t
119.7634 	DATA 	Mouse: Left button down, pos=(982,229)
119.7649 	EXP 	New trial (rep=0, index=12): <Trial 12 (12 in rep 0) data={'test_word': '_p_le', 'Reference': 'apple', 'old_new': 'new', 'thisN': 12, 'thisTrialN': 12, 'thisRepN': 0}>
119.7786 	EXP 	TestText: autoDraw = False
119.7786 	EXP 	test_textbox: autoDraw = False
119.7786 	EXP 	submit_text: autoDraw = False
119.7786 	EXP 	TestText: height = 0.05
119.7786 	EXP 	TestText: height = 0.05
119.7786 	EXP 	TestText: height = 0.05
119.7786 	EXP 	TestText: text = '_p_le'
119.7786 	EXP 	TestText: autoDraw = True
119.7786 	EXP 	test_textbox: autoDraw = True
119.7786 	EXP 	submit_text: autoDraw = True
119.8623 	DATA 	Mouse:  Left button up, pos=(982,229)
123.4418 	DATA 	Mouse: Left button down, pos=(982,229)
123.4432 	EXP 	New trial (rep=0, index=13): <Trial 13 (13 in rep 0) data={'test_word': '_ha_t', 'Reference': 'chart', 'old_new': 'old', 'thisN': 13, 'thisTrialN': 13, 'thisRepN': 0}>
123.4582 	EXP 	TestText: autoDraw = False
123.4582 	EXP 	test_textbox: autoDraw = False
123.4582 	EXP 	submit_text: autoDraw = False
123.4582 	EXP 	TestText: height = 0.05
123.4582 	EXP 	TestText: height = 0.05
123.4582 	EXP 	TestText: height = 0.05
123.4582 	EXP 	TestText: text = '_ha_t'
123.4582 	EXP 	TestText: autoDraw = True
123.4582 	EXP 	test_textbox: autoDraw = True
123.4582 	EXP 	submit_text: autoDraw = True
123.5420 	DATA 	Mouse:  Left button up, pos=(982,229)
129.5444 	DATA 	Mouse: Left button down, pos=(982,228)
129.5544 	EXP 	New trial (rep=0, index=14): <Trial 14 (14 in rep 0) data={'test_word': 'v_s_', 'Reference': 'vase', 'old_new': 'new', 'thisN': 14, 'thisTrialN': 14, 'thisRepN': 0}>
129.5705 	EXP 	TestText: autoDraw = False
129.5705 	EXP 	test_textbox: autoDraw = False
129.5705 	EXP 	submit_text: autoDraw = False
129.5705 	EXP 	TestText: height = 0.05
129.5705 	EXP 	TestText: height = 0.05
129.5705 	EXP 	TestText: height = 0.05
129.5705 	EXP 	TestText: text = 'v_s_'
129.5705 	EXP 	TestText: autoDraw = True
129.5705 	EXP 	test_textbox: autoDraw = True
129.5705 	EXP 	submit_text: autoDraw = True
129.6366 	DATA 	Mouse:  Left button up, pos=(982,228)
130.5024 	DATA 	Keypress: c
130.9895 	DATA 	Keypress: backspace
131.3851 	DATA 	Keypress: v
131.5852 	DATA 	Keypress: a
131.6891 	DATA 	Keypress: s
131.9845 	DATA 	Keypress: e
132.2510 	DATA 	Keypress: return
133.2168 	DATA 	Mouse: Left button down, pos=(982,228)
133.2182 	EXP 	New trial (rep=0, index=15): <Trial 15 (15 in rep 0) data={'test_word': 'ta_l_', 'Reference': 'table', 'old_new': 'new', 'thisN': 15, 'thisTrialN': 15, 'thisRepN': 0}>
133.2330 	EXP 	TestText: autoDraw = False
133.2330 	EXP 	test_textbox: autoDraw = False
133.2330 	EXP 	submit_text: autoDraw = False
133.2330 	EXP 	TestText: height = 0.05
133.2330 	EXP 	TestText: height = 0.05
133.2330 	EXP 	TestText: height = 0.05
133.2330 	EXP 	TestText: text = 'ta_l_'
133.2330 	EXP 	TestText: autoDraw = True
133.2330 	EXP 	test_textbox: autoDraw = True
133.2330 	EXP 	submit_text: autoDraw = True
133.3002 	DATA 	Mouse:  Left button up, pos=(982,228)
134.5235 	DATA 	Keypress: t
134.7484 	DATA 	Keypress: a
134.9028 	DATA 	Keypress: b
135.1194 	DATA 	Keypress: l
135.2982 	DATA 	Keypress: e
135.9642 	DATA 	Mouse: Left button down, pos=(982,228)
135.9655 	EXP 	New trial (rep=0, index=16): <Trial 16 (16 in rep 0) data={'test_word': 'k_y_', 'Reference': 'keys', 'old_new': 'old', 'thisN': 16, 'thisTrialN': 16, 'thisRepN': 0}>
135.9804 	EXP 	TestText: autoDraw = False
135.9804 	EXP 	test_textbox: autoDraw = False
135.9804 	EXP 	submit_text: autoDraw = False
135.9804 	EXP 	TestText: height = 0.05
135.9804 	EXP 	TestText: height = 0.05
135.9804 	EXP 	TestText: height = 0.05
135.9804 	EXP 	TestText: text = 'k_y_'
135.9804 	EXP 	TestText: autoDraw = True
135.9804 	EXP 	test_textbox: autoDraw = True
135.9804 	EXP 	submit_text: autoDraw = True
136.0722 	DATA 	Mouse:  Left button up, pos=(982,228)
136.8539 	DATA 	Keypress: k
136.9800 	DATA 	Keypress: e
137.1635 	DATA 	Keypress: y
137.2799 	DATA 	Keypress: s
138.0460 	DATA 	Mouse: Left button down, pos=(983,226)
138.0474 	EXP 	New trial (rep=0, index=17): <Trial 17 (17 in rep 0) data={'test_word': 'p_nc_l', 'Reference': 'pencil', 'old_new': 'new', 'thisN': 17, 'thisTrialN': 17, 'thisRepN': 0}>
138.0622 	EXP 	TestText: autoDraw = False
138.0622 	EXP 	test_textbox: autoDraw = False
138.0622 	EXP 	submit_text: autoDraw = False
138.0622 	EXP 	TestText: height = 0.05
138.0622 	EXP 	TestText: height = 0.05
138.0622 	EXP 	TestText: height = 0.05
138.0622 	EXP 	TestText: text = 'p_nc_l'
138.0622 	EXP 	TestText: autoDraw = True
138.0622 	EXP 	test_textbox: autoDraw = True
138.0622 	EXP 	submit_text: autoDraw = True
138.1631 	DATA 	Mouse:  Left button up, pos=(999,183)
140.3773 	DATA 	Mouse: Left button down, pos=(1041,323)
140.5442 	DATA 	Mouse:  Left button up, pos=(1039,301)
140.8434 	DATA 	Mouse: Left button down, pos=(1009,135)
141.9095 	DATA 	Mouse:  Left button up, pos=(1536,631)
142.5919 	DATA 	Keypress: p
142.7254 	DATA 	Keypress: e
142.8918 	DATA 	Keypress: n
143.0083 	DATA 	Keypress: c
143.1417 	DATA 	Keypress: i
143.3410 	DATA 	Keypress: l
144.2284 	DATA 	Mouse: Left button down, pos=(1528,635)
144.2415 	EXP 	New trial (rep=0, index=18): <Trial 18 (18 in rep 0) data={'test_word': 'bo_t_e', 'Reference': 'bottle ', 'old_new': 'new', 'thisN': 18, 'thisTrialN': 18, 'thisRepN': 0}>
144.2566 	EXP 	TestText: autoDraw = False
144.2566 	EXP 	test_textbox: autoDraw = False
144.2566 	EXP 	submit_text: autoDraw = False
144.2566 	EXP 	TestText: height = 0.05
144.2566 	EXP 	TestText: height = 0.05
144.2566 	EXP 	TestText: height = 0.05
144.2566 	EXP 	TestText: text = 'bo_t_e'
144.2566 	EXP 	TestText: autoDraw = True
144.2566 	EXP 	test_textbox: autoDraw = True
144.2566 	EXP 	submit_text: autoDraw = True
144.3405 	DATA 	Mouse:  Left button up, pos=(1528,635)
147.5710 	DATA 	Keypress: b
147.7376 	DATA 	Keypress: o
147.9042 	DATA 	Keypress: t
148.0373 	DATA 	Keypress: t
148.1920 	DATA 	Keypress: l
148.3867 	DATA 	Keypress: e
150.8063 	DATA 	Mouse: Left button down, pos=(1572,664)
150.8189 	EXP 	New trial (rep=0, index=19): <Trial 19 (19 in rep 0) data={'test_word': '_r_i_e', 'Reference': 'cruise', 'old_new': 'old', 'thisN': 19, 'thisTrialN': 19, 'thisRepN': 0}>
150.8343 	EXP 	TestText: autoDraw = False
150.8343 	EXP 	test_textbox: autoDraw = False
150.8343 	EXP 	submit_text: autoDraw = False
150.8343 	EXP 	TestText: height = 0.05
150.8343 	EXP 	TestText: height = 0.05
150.8343 	EXP 	TestText: height = 0.05
150.8343 	EXP 	TestText: text = '_r_i_e'
150.8343 	EXP 	TestText: autoDraw = True
150.8343 	EXP 	test_textbox: autoDraw = True
150.8343 	EXP 	submit_text: autoDraw = True
150.9085 	DATA 	Mouse:  Left button up, pos=(1572,664)
155.0312 	DATA 	Mouse: Left button down, pos=(1584,664)
155.0327 	EXP 	New trial (rep=0, index=20): <Trial 20 (20 in rep 0) data={'test_word': '_a_bl_', 'Reference': 'marble', 'old_new': 'old', 'thisN': 20, 'thisTrialN': 20, 'thisRepN': 0}>
155.0471 	EXP 	TestText: autoDraw = False
155.0471 	EXP 	test_textbox: autoDraw = False
155.0471 	EXP 	submit_text: autoDraw = False
155.0471 	EXP 	TestText: height = 0.05
155.0471 	EXP 	TestText: height = 0.05
155.0471 	EXP 	TestText: height = 0.05
155.0471 	EXP 	TestText: text = '_a_bl_'
155.0471 	EXP 	TestText: autoDraw = True
155.0471 	EXP 	test_textbox: autoDraw = True
155.0471 	EXP 	submit_text: autoDraw = True
155.1812 	DATA 	Mouse:  Left button up, pos=(1584,664)
158.9515 	DATA 	Mouse: Left button down, pos=(1584,664)
158.9619 	EXP 	New trial (rep=0, index=21): <Trial 21 (21 in rep 0) data={'test_word': 'c_s_', 'Reference': 'case', 'old_new': 'old', 'thisN': 21, 'thisTrialN': 21, 'thisRepN': 0}>
158.9773 	EXP 	TestText: autoDraw = False
158.9773 	EXP 	test_textbox: autoDraw = False
158.9773 	EXP 	submit_text: autoDraw = False
158.9773 	EXP 	TestText: height = 0.05
158.9773 	EXP 	TestText: height = 0.05
158.9773 	EXP 	TestText: height = 0.05
158.9773 	EXP 	TestText: text = 'c_s_'
158.9773 	EXP 	TestText: autoDraw = True
158.9773 	EXP 	test_textbox: autoDraw = True
158.9773 	EXP 	submit_text: autoDraw = True
159.1353 	DATA 	Mouse:  Left button up, pos=(1584,664)
160.2006 	DATA 	Keypress: c
160.3430 	DATA 	Keypress: a
160.4929 	DATA 	Keypress: s
160.7259 	DATA 	Keypress: e
160.9141 	DATA 	Mouse: Left button down, pos=(1584,664)
160.9268 	EXP 	New trial (rep=0, index=22): <Trial 22 (22 in rep 0) data={'test_word': 'P_s_r_', 'Reference': 'pastry', 'old_new': 'old', 'thisN': 22, 'thisTrialN': 22, 'thisRepN': 0}>
160.9427 	EXP 	TestText: autoDraw = False
160.9427 	EXP 	test_textbox: autoDraw = False
160.9427 	EXP 	submit_text: autoDraw = False
160.9427 	EXP 	TestText: height = 0.05
160.9427 	EXP 	TestText: height = 0.05
160.9427 	EXP 	TestText: height = 0.05
160.9427 	EXP 	TestText: text = 'P_s_r_'
160.9427 	EXP 	TestText: autoDraw = True
160.9427 	EXP 	test_textbox: autoDraw = True
160.9427 	EXP 	submit_text: autoDraw = True
161.0760 	DATA 	Mouse:  Left button up, pos=(1584,664)
168.3528 	DATA 	Mouse: Left button down, pos=(1584,664)
168.3541 	EXP 	New trial (rep=0, index=23): <Trial 23 (23 in rep 0) data={'test_word': '_lo_e', 'Reference': 'glove', 'old_new': 'new', 'thisN': 23, 'thisTrialN': 23, 'thisRepN': 0}>
168.3692 	EXP 	TestText: autoDraw = False
168.3692 	EXP 	test_textbox: autoDraw = False
168.3692 	EXP 	submit_text: autoDraw = False
168.3692 	EXP 	TestText: height = 0.05
168.3692 	EXP 	TestText: height = 0.05
168.3692 	EXP 	TestText: height = 0.05
168.3692 	EXP 	TestText: text = '_lo_e'
168.3692 	EXP 	TestText: autoDraw = True
168.3692 	EXP 	test_textbox: autoDraw = True
168.3692 	EXP 	submit_text: autoDraw = True
168.4944 	DATA 	Mouse:  Left button up, pos=(1584,664)
169.8846 	DATA 	Keypress: g
170.0344 	DATA 	Keypress: l
170.4057 	DATA 	Keypress: o
170.7504 	DATA 	Keypress: v
171.0835 	DATA 	Keypress: e
171.7000 	DATA 	Mouse: Left button down, pos=(1584,664)
171.7014 	EXP 	New trial (rep=0, index=24): <Trial 24 (24 in rep 0) data={'test_word': 'v_h_c_e', 'Reference': 'vehicle', 'old_new': 'new', 'thisN': 24, 'thisTrialN': 24, 'thisRepN': 0}>
171.7162 	EXP 	TestText: autoDraw = False
171.7162 	EXP 	test_textbox: autoDraw = False
171.7162 	EXP 	submit_text: autoDraw = False
171.7162 	EXP 	TestText: height = 0.05
171.7162 	EXP 	TestText: height = 0.05
171.7162 	EXP 	TestText: height = 0.05
171.7162 	EXP 	TestText: text = 'v_h_c_e'
171.7162 	EXP 	TestText: autoDraw = True
171.7162 	EXP 	test_textbox: autoDraw = True
171.7162 	EXP 	submit_text: autoDraw = True
171.8338 	DATA 	Mouse:  Left button up, pos=(1584,664)
175.3369 	DATA 	Mouse: Left button down, pos=(1584,664)
175.3478 	EXP 	New trial (rep=0, index=25): <Trial 25 (25 in rep 0) data={'test_word': '_oo_', 'Reference': 'book', 'old_new': 'old', 'thisN': 25, 'thisTrialN': 25, 'thisRepN': 0}>
175.3630 	EXP 	TestText: autoDraw = False
175.3630 	EXP 	test_textbox: autoDraw = False
175.3630 	EXP 	submit_text: autoDraw = False
175.3630 	EXP 	TestText: height = 0.05
175.3630 	EXP 	TestText: height = 0.05
175.3630 	EXP 	TestText: height = 0.05
175.3630 	EXP 	TestText: text = '_oo_'
175.3630 	EXP 	TestText: autoDraw = True
175.3630 	EXP 	test_textbox: autoDraw = True
175.3630 	EXP 	submit_text: autoDraw = True
175.5218 	DATA 	Mouse:  Left button up, pos=(1584,664)
176.3622 	DATA 	Keypress: b
176.6127 	DATA 	Keypress: o
176.8287 	DATA 	Keypress: o
177.0453 	DATA 	Keypress: k
178.7948 	DATA 	Mouse: Left button down, pos=(1538,696)
178.9316 	DATA 	Mouse:  Left button up, pos=(1538,696)
179.8760 	DATA 	Mouse: Left button down, pos=(1491,664)
179.8774 	EXP 	New trial (rep=0, index=26): <Trial 26 (26 in rep 0) data={'test_word': 'l_pt_p', 'Reference': 'laptop', 'old_new': 'old', 'thisN': 26, 'thisTrialN': 26, 'thisRepN': 0}>
179.8923 	EXP 	TestText: autoDraw = False
179.8923 	EXP 	test_textbox: autoDraw = False
179.8923 	EXP 	submit_text: autoDraw = False
179.8923 	EXP 	TestText: height = 0.05
179.8923 	EXP 	TestText: height = 0.05
179.8923 	EXP 	TestText: height = 0.05
179.8923 	EXP 	TestText: text = 'l_pt_p'
179.8923 	EXP 	TestText: autoDraw = True
179.8923 	EXP 	test_textbox: autoDraw = True
179.8923 	EXP 	submit_text: autoDraw = True
179.9431 	DATA 	Mouse:  Left button up, pos=(1491,664)
180.8658 	DATA 	Keypress: l
181.0750 	DATA 	Keypress: a
181.2465 	DATA 	Keypress: p
181.5412 	DATA 	Keypress: t
181.6914 	DATA 	Keypress: o
181.9240 	DATA 	Keypress: p
182.9735 	DATA 	Mouse: Left button down, pos=(1491,664)
182.9749 	EXP 	New trial (rep=0, index=27): <Trial 27 (27 in rep 0) data={'test_word': 'k_i_e', 'Reference': 'knife', 'old_new': 'new', 'thisN': 27, 'thisTrialN': 27, 'thisRepN': 0}>
182.9897 	EXP 	TestText: autoDraw = False
182.9897 	EXP 	test_textbox: autoDraw = False
182.9897 	EXP 	submit_text: autoDraw = False
182.9897 	EXP 	TestText: height = 0.05
182.9897 	EXP 	TestText: height = 0.05
182.9897 	EXP 	TestText: height = 0.05
182.9897 	EXP 	TestText: text = 'k_i_e'
182.9897 	EXP 	TestText: autoDraw = True
182.9897 	EXP 	test_textbox: autoDraw = True
182.9897 	EXP 	submit_text: autoDraw = True
183.0979 	DATA 	Mouse:  Left button up, pos=(1511,593)
185.8446 	DATA 	Keypress: k
187.1705 	DATA 	Keypress: n
188.1242 	DATA 	Keypress: backspace
188.2741 	DATA 	Keypress: backspace
189.1686 	DATA 	Mouse: Left button down, pos=(1511,613)
189.1700 	EXP 	New trial (rep=0, index=28): <Trial 28 (28 in rep 0) data={'test_word': 'p_r_l_', 'Reference': 'purple', 'old_new': 'new', 'thisN': 28, 'thisTrialN': 28, 'thisRepN': 0}>
189.1854 	EXP 	TestText: autoDraw = False
189.1854 	EXP 	test_textbox: autoDraw = False
189.1854 	EXP 	submit_text: autoDraw = False
189.1854 	EXP 	TestText: height = 0.05
189.1854 	EXP 	TestText: height = 0.05
189.1854 	EXP 	TestText: height = 0.05
189.1854 	EXP 	TestText: text = 'p_r_l_'
189.1854 	EXP 	TestText: autoDraw = True
189.1854 	EXP 	test_textbox: autoDraw = True
189.1854 	EXP 	submit_text: autoDraw = True
189.2686 	DATA 	Mouse:  Left button up, pos=(1511,613)
194.2308 	DATA 	Keypress: p
194.9460 	DATA 	Keypress: backspace
196.1287 	DATA 	Mouse: Left button down, pos=(1523,598)
196.1302 	EXP 	New trial (rep=0, index=29): <Trial 29 (29 in rep 0) data={'test_word': 'c_m_ra', 'Reference': 'camera', 'old_new': 'new', 'thisN': 29, 'thisTrialN': 29, 'thisRepN': 0}>
196.1452 	EXP 	TestText: autoDraw = False
196.1452 	EXP 	test_textbox: autoDraw = False
196.1452 	EXP 	submit_text: autoDraw = False
196.1452 	EXP 	TestText: height = 0.05
196.1452 	EXP 	TestText: height = 0.05
196.1452 	EXP 	TestText: height = 0.05
196.1452 	EXP 	TestText: text = 'c_m_ra'
196.1452 	EXP 	TestText: autoDraw = True
196.1452 	EXP 	test_textbox: autoDraw = True
196.1452 	EXP 	submit_text: autoDraw = True
196.2196 	DATA 	Mouse:  Left button up, pos=(1528,610)
197.9008 	DATA 	Keypress: c
198.0434 	DATA 	Keypress: a
198.2435 	DATA 	Keypress: m
198.5430 	DATA 	Keypress: e
198.7350 	DATA 	Keypress: r
198.9097 	DATA 	Keypress: a
199.5988 	DATA 	Mouse: Left button down, pos=(1528,610)
199.6253 	EXP 	TestText: autoDraw = False
199.6253 	EXP 	test_textbox: autoDraw = False
199.6253 	EXP 	submit_text: autoDraw = False
199.6255 	EXP 	Word_PrimingExp: status = STOPPED
199.6563 	INFO 	saved data to 'C:\\Users\\DELL\\OneDrive\\Desktop\\PsychoPy\\5 Word Priming\\data/0003_Word_PrimingExp_2025-10-16_11h57.43.122.csv'
199.6596 	INFO 	saved data to C:\Users\DELL\OneDrive\Desktop\PsychoPy\5 Word Priming\data/0003_Word_PrimingExp_2025-10-16_11h57.43.122.psydat
