13.8726 	INFO 	Loaded monitor calibration from ['2025_02_12 09:50']
13.8849 	WARNING 	User requested fullscreen with size [1024  768], but screen is actually [1920, 1080]. Using actual size
15.8020 	EXP 	Created window1 = Window(allowGUI=False, allowStencil=False, autoLog=True, backendConf=UNKNOWN, backgroundFit=<method-wrapper '__getattribute__' of attributeSetter object at 0x00000267E09326B0>, backgroundImage=<method-wrapper '__getattribute__' of attributeSetter object at 0x00000267E09324D0>, bitsMode=UNKNOWN, blendMode='avg', bpc=(8, 8, 8), color=array([0, 0, 0]), colorSpace='rgb', depthBits=8, fullscr=True, gamma=None, gammaErrorPolicy='raise', infoMsg=UNKNOWN, lms=UNKNOWN, monitor=<psychopy.monitors.calibTools.Monitor object at 0x00000267E09EA920>, multiSample=False, name='window1', numSamples=2, pos=[0.0, 0.0], screen=0, size=array([1920, 1080]), stencilBits=0, stereo=False, title='PsychoPy', units='height', useFBO=True, useRetina=False, viewOri=0.0, viewPos=None, viewScale=None, waitBlanking=True, winType='pyglet')
15.8021 	EXP 	window1: backgroundImage = ''
15.8022 	EXP 	window1: backgroundFit = 'none'
16.0093 	EXP 	window1: Attempting to measure frame rate of screen (0) ...
16.0093 	EXP 	window1: recordFrameIntervals = False
16.1742 	EXP 	window1: recordFrameIntervals = True
16.3577 	EXP 	Screen (0) actual frame rate measured at 60.21Hz
16.3578 	EXP 	window1: recordFrameIntervals = False
21.3632 	INFO 	keyboard.Keyboard is using iohub backend.
21.3633 	INFO 	keyboard.Keyboard is using iohub backend.
21.3633 	EXP 	Delay Discounting Main: status = STARTED
21.3689 	EXP 	Created Fixation = ShapeStim(__class__=<class 'psychopy.visual.shape.ShapeStim'>, anchor=('center', 'center'), autoDraw=False, autoLog=True, closeShape=True, color=method-wrapper(...), colorSpace='rgb', contrast=None, depth=0.0, draggable=True, fillColor=array([1, 1, 1]), fillColorSpace='rgb', fillRGB=array([1, 1, 1]), interpolate=True, lineColor=array([1., 1., 1.]), lineColorSpace='rgb', lineRGB=array([1, 1, 1]), lineWidth=1.0, name='Fixation', opacity=1, ori=0.0, pos=array([0., 0.]), size=array([0.05, 0.05]), units='height', vertices=ndarray(...), win=Window(...), windingRule=None)
21.3997 	EXP 	Created text = TextStim(__class__=<class 'psychopy.visual.text.TextStim'>, alignHoriz=method-wrapper(...), alignText='center', alignVert=method-wrapper(...), anchorHoriz='center', anchorVert='center', antialias=True, autoDraw=False, autoLog=True, bold=False, color=array([1., 1., 1.]), colorSpace='rgb', contrast=1.0, depth=-1.0, draggable=False, flipHoriz=False, flipVert=False, font='Arial', fontFiles=[], height=0.05, italic=False, languageStyle='LTR', name='text', opacity=1, ori=0.0, pos=array([0., 0.]), rgb=UNKNOWN, text='', units='height', win=Window(...), wrapWidth=1)
0.0247 	EXP 	Imported Delay Discounting file.xlsx as conditions, 100 conditions, 3 params
0.0264 	EXP 	New trial (rep=0, index=0): <Trial 0 (0 in rep 0) data={'reward_today': 42, 'future_reward': 79, 'delay': 69, 'thisN': 0, 'thisTrialN': 0, 'thisRepN': 0}>
0.1440 	EXP 	text: height = 0.05
0.1440 	EXP 	text: height = 0.05
0.1440 	EXP 	text: height = 0.05
0.1440 	EXP 	text: text = 'GBP 42 today or GBP 79 after 69 days'
0.1440 	EXP 	Fixation: autoDraw = True
1.0030 	INFO 	Keyboard events cleared
1.0024 	EXP 	text: autoDraw = True
1.1524 	EXP 	Fixation: autoDraw = False
4.3052 	EXP 	New trial (rep=0, index=1): <Trial 1 (1 in rep 0) data={'reward_today': 28, 'future_reward': 72, 'delay': 121, 'thisN': 1, 'thisTrialN': 1, 'thisRepN': 0}>
4.3134 	DATA 	Keypress: t
4.3165 	EXP 	Fixation: autoDraw = False
4.3165 	EXP 	text: autoDraw = False
4.3165 	EXP 	text: height = 0.05
4.3165 	EXP 	text: height = 0.05
4.3165 	EXP 	text: height = 0.05
4.3165 	EXP 	text: text = 'GBP 28 today or GBP 72 after 121 days'
4.3165 	EXP 	Fixation: autoDraw = True
5.3162 	INFO 	Keyboard events cleared
5.3155 	EXP 	text: autoDraw = True
5.3319 	EXP 	Fixation: autoDraw = False
5.5666 	EXP 	New trial (rep=0, index=2): <Trial 2 (2 in rep 0) data={'reward_today': 26, 'future_reward': 54, 'delay': 198, 'thisN': 2, 'thisTrialN': 2, 'thisRepN': 0}>
5.5754 	DATA 	Keypress: t
5.5818 	EXP 	Fixation: autoDraw = False
5.5818 	EXP 	text: autoDraw = False
5.5818 	EXP 	text: height = 0.05
5.5818 	EXP 	text: height = 0.05
5.5818 	EXP 	text: height = 0.05
5.5818 	EXP 	text: text = 'GBP 26 today or GBP 54 after 198 days'
5.5818 	EXP 	Fixation: autoDraw = True
6.5814 	INFO 	Keyboard events cleared
6.5808 	EXP 	Fixation: autoDraw = False
6.5808 	EXP 	text: autoDraw = True
6.8656 	EXP 	New trial (rep=0, index=3): <Trial 3 (3 in rep 0) data={'reward_today': 31, 'future_reward': 64, 'delay': 7, 'thisN': 3, 'thisTrialN': 3, 'thisRepN': 0}>
6.8736 	DATA 	Keypress: t
6.8805 	EXP 	Fixation: autoDraw = False
6.8805 	EXP 	text: autoDraw = False
6.8805 	EXP 	text: height = 0.05
6.8805 	EXP 	text: height = 0.05
6.8805 	EXP 	text: height = 0.05
6.8805 	EXP 	text: text = 'GBP 31 today or GBP 64 after 7 days'
6.8805 	EXP 	Fixation: autoDraw = True
7.3318 	DATA 	Keypress: t
7.7649 	DATA 	Keypress: t
7.8805 	INFO 	Keyboard events cleared
7.8800 	EXP 	Fixation: autoDraw = False
7.8800 	EXP 	text: autoDraw = True
8.1977 	EXP 	New trial (rep=0, index=4): <Trial 4 (4 in rep 0) data={'reward_today': 53, 'future_reward': 101, 'delay': 199, 'thisN': 4, 'thisTrialN': 4, 'thisRepN': 0}>
8.2047 	DATA 	Keypress: t
8.2127 	EXP 	Fixation: autoDraw = False
8.2127 	EXP 	text: autoDraw = False
8.2127 	EXP 	text: height = 0.05
8.2127 	EXP 	text: height = 0.05
8.2127 	EXP 	text: height = 0.05
8.2127 	EXP 	text: text = 'GBP 53 today or GBP 101 after 199 days'
8.2127 	EXP 	Fixation: autoDraw = True
9.0464 	DATA 	Keypress: t
9.2123 	INFO 	Keyboard events cleared
9.2119 	EXP 	Fixation: autoDraw = False
9.2119 	EXP 	text: autoDraw = True
9.4464 	EXP 	New trial (rep=0, index=5): <Trial 5 (5 in rep 0) data={'reward_today': 58, 'future_reward': 146, 'delay': 57, 'thisN': 5, 'thisTrialN': 5, 'thisRepN': 0}>
9.4518 	DATA 	Keypress: t
9.4618 	EXP 	Fixation: autoDraw = False
9.4618 	EXP 	text: autoDraw = False
9.4618 	EXP 	text: height = 0.05
9.4618 	EXP 	text: height = 0.05
9.4618 	EXP 	text: height = 0.05
9.4618 	EXP 	text: text = 'GBP 58 today or GBP 146 after 57 days'
9.4618 	EXP 	Fixation: autoDraw = True
9.7293 	DATA 	Keypress: t
10.4613 	INFO 	Keyboard events cleared
10.4608 	EXP 	text: autoDraw = True
10.4776 	EXP 	Fixation: autoDraw = False
10.4958 	EXP 	New trial (rep=0, index=6): <Trial 6 (6 in rep 0) data={'reward_today': 45, 'future_reward': 132, 'delay': 167, 'thisN': 6, 'thisTrialN': 6, 'thisRepN': 0}>
10.5028 	DATA 	Keypress: t
10.5108 	EXP 	Fixation: autoDraw = False
10.5108 	EXP 	text: autoDraw = False
10.5108 	EXP 	text: height = 0.05
10.5108 	EXP 	text: height = 0.05
10.5108 	EXP 	text: height = 0.05
10.5108 	EXP 	text: text = 'GBP 45 today or GBP 132 after 167 days'
10.5108 	EXP 	Fixation: autoDraw = True
11.5109 	INFO 	Keyboard events cleared
11.5103 	EXP 	text: autoDraw = True
11.5267 	EXP 	Fixation: autoDraw = False
11.6447 	EXP 	New trial (rep=0, index=7): <Trial 7 (7 in rep 0) data={'reward_today': 63, 'future_reward': 140, 'delay': 155, 'thisN': 7, 'thisTrialN': 7, 'thisRepN': 0}>
11.6518 	DATA 	Keypress: t
11.6596 	EXP 	Fixation: autoDraw = False
11.6596 	EXP 	text: autoDraw = False
11.6596 	EXP 	text: height = 0.05
11.6596 	EXP 	text: height = 0.05
11.6596 	EXP 	text: height = 0.05
11.6596 	EXP 	text: text = 'GBP 63 today or GBP 140 after 155 days'
11.6596 	EXP 	Fixation: autoDraw = True
12.6597 	INFO 	Keyboard events cleared
12.6592 	EXP 	Fixation: autoDraw = False
12.6592 	EXP 	text: autoDraw = True
12.7607 	EXP 	New trial (rep=0, index=8): <Trial 8 (8 in rep 0) data={'reward_today': 22, 'future_reward': 27, 'delay': 112, 'thisN': 8, 'thisTrialN': 8, 'thisRepN': 0}>
12.7683 	DATA 	Keypress: t
12.7754 	EXP 	Fixation: autoDraw = False
12.7754 	EXP 	text: autoDraw = False
12.7754 	EXP 	text: height = 0.05
12.7754 	EXP 	text: height = 0.05
12.7754 	EXP 	text: height = 0.05
12.7754 	EXP 	text: text = 'GBP 22 today or GBP 27 after 112 days'
12.7754 	EXP 	Fixation: autoDraw = True
13.7753 	INFO 	Keyboard events cleared
13.7747 	EXP 	Fixation: autoDraw = False
13.7747 	EXP 	text: autoDraw = True
13.7776 	DATA 	Keypress: t
13.8596 	EXP 	New trial (rep=0, index=9): <Trial 9 (9 in rep 0) data={'reward_today': 65, 'future_reward': 182, 'delay': 44, 'thisN': 9, 'thisTrialN': 9, 'thisRepN': 0}>
13.8746 	EXP 	Fixation: autoDraw = False
13.8746 	EXP 	text: autoDraw = False
13.8746 	EXP 	text: height = 0.05
13.8746 	EXP 	text: height = 0.05
13.8746 	EXP 	text: height = 0.05
13.8746 	EXP 	text: text = 'GBP 65 today or GBP 182 after 44 days'
13.8746 	EXP 	Fixation: autoDraw = True
14.8742 	INFO 	Keyboard events cleared
14.8737 	EXP 	text: autoDraw = True
14.8762 	DATA 	Keypress: t
14.8904 	EXP 	Fixation: autoDraw = False
14.8918 	EXP 	New trial (rep=0, index=10): <Trial 10 (10 in rep 0) data={'reward_today': 16, 'future_reward': 102, 'delay': 139, 'thisN': 10, 'thisTrialN': 10, 'thisRepN': 0}>
14.9069 	EXP 	Fixation: autoDraw = False
14.9069 	EXP 	text: autoDraw = False
14.9069 	EXP 	text: height = 0.05
14.9069 	EXP 	text: height = 0.05
14.9069 	EXP 	text: height = 0.05
14.9069 	EXP 	text: text = 'GBP 16 today or GBP 102 after 139 days'
14.9069 	EXP 	Fixation: autoDraw = True
15.9070 	INFO 	Keyboard events cleared
15.9064 	EXP 	Fixation: autoDraw = False
15.9064 	EXP 	text: autoDraw = True
15.9089 	DATA 	Keypress: t
16.0076 	EXP 	New trial (rep=0, index=11): <Trial 11 (11 in rep 0) data={'reward_today': 5, 'future_reward': 42, 'delay': 110, 'thisN': 11, 'thisTrialN': 11, 'thisRepN': 0}>
16.0227 	EXP 	Fixation: autoDraw = False
16.0227 	EXP 	text: autoDraw = False
16.0227 	EXP 	text: height = 0.05
16.0227 	EXP 	text: height = 0.05
16.0227 	EXP 	text: height = 0.05
16.0227 	EXP 	text: text = 'GBP 5 today or GBP 42 after 110 days'
16.0227 	EXP 	Fixation: autoDraw = True
16.9233 	DATA 	Keypress: t
17.0223 	INFO 	Keyboard events cleared
17.0217 	EXP 	Fixation: autoDraw = False
17.0217 	EXP 	text: autoDraw = True
17.4737 	EXP 	New trial (rep=0, index=12): <Trial 12 (12 in rep 0) data={'reward_today': 100, 'future_reward': 138, 'delay': 160, 'thisN': 12, 'thisTrialN': 12, 'thisRepN': 0}>
17.4805 	DATA 	Keypress: t
17.4879 	EXP 	Fixation: autoDraw = False
17.4879 	EXP 	text: autoDraw = False
17.4879 	EXP 	text: height = 0.05
17.4879 	EXP 	text: height = 0.05
17.4879 	EXP 	text: height = 0.05
17.4879 	EXP 	text: text = 'GBP 100 today or GBP 138 after 160 days'
17.4879 	EXP 	Fixation: autoDraw = True
18.4877 	INFO 	Keyboard events cleared
18.4871 	EXP 	Fixation: autoDraw = False
18.4871 	EXP 	text: autoDraw = True
18.6385 	EXP 	New trial (rep=0, index=13): <Trial 13 (13 in rep 0) data={'reward_today': 19, 'future_reward': 66, 'delay': 70, 'thisN': 13, 'thisTrialN': 13, 'thisRepN': 0}>
18.6452 	DATA 	Keypress: t
18.6538 	EXP 	Fixation: autoDraw = False
18.6538 	EXP 	text: autoDraw = False
18.6538 	EXP 	text: height = 0.05
18.6538 	EXP 	text: height = 0.05
18.6538 	EXP 	text: height = 0.05
18.6538 	EXP 	text: text = 'GBP 19 today or GBP 66 after 70 days'
18.6538 	EXP 	Fixation: autoDraw = True
19.6536 	INFO 	Keyboard events cleared
19.6530 	EXP 	Fixation: autoDraw = False
19.6530 	EXP 	text: autoDraw = True
19.8380 	EXP 	New trial (rep=0, index=14): <Trial 14 (14 in rep 0) data={'reward_today': 18, 'future_reward': 61, 'delay': 102, 'thisN': 14, 'thisTrialN': 14, 'thisRepN': 0}>
19.8466 	DATA 	Keypress: t
19.8526 	EXP 	Fixation: autoDraw = False
19.8526 	EXP 	text: autoDraw = False
19.8526 	EXP 	text: height = 0.05
19.8526 	EXP 	text: height = 0.05
19.8526 	EXP 	text: height = 0.05
19.8526 	EXP 	text: text = 'GBP 18 today or GBP 61 after 102 days'
19.8526 	EXP 	Fixation: autoDraw = True
20.8526 	INFO 	Keyboard events cleared
20.8519 	EXP 	Fixation: autoDraw = False
20.8519 	EXP 	text: autoDraw = True
20.9378 	EXP 	New trial (rep=0, index=15): <Trial 15 (15 in rep 0) data={'reward_today': 42, 'future_reward': 101, 'delay': 94, 'thisN': 15, 'thisTrialN': 15, 'thisRepN': 0}>
20.9530 	DATA 	Keypress: t
20.9563 	EXP 	Fixation: autoDraw = False
20.9563 	EXP 	text: autoDraw = False
20.9563 	EXP 	text: height = 0.05
20.9563 	EXP 	text: height = 0.05
20.9563 	EXP 	text: height = 0.05
20.9563 	EXP 	text: text = 'GBP 42 today or GBP 101 after 94 days'
20.9563 	EXP 	Fixation: autoDraw = True
21.9517 	INFO 	Keyboard events cleared
21.9510 	EXP 	text: autoDraw = True
21.9542 	DATA 	Keypress: l
21.9675 	EXP 	Fixation: autoDraw = False
22.0693 	EXP 	New trial (rep=0, index=16): <Trial 16 (16 in rep 0) data={'reward_today': 9, 'future_reward': 53, 'delay': 30, 'thisN': 16, 'thisTrialN': 16, 'thisRepN': 0}>
22.0839 	EXP 	Fixation: autoDraw = False
22.0839 	EXP 	text: autoDraw = False
22.0839 	EXP 	text: height = 0.05
22.0839 	EXP 	text: height = 0.05
22.0839 	EXP 	text: height = 0.05
22.0839 	EXP 	text: text = 'GBP 9 today or GBP 53 after 30 days'
22.0839 	EXP 	Fixation: autoDraw = True
22.9850 	DATA 	Keypress: l
23.0837 	INFO 	Keyboard events cleared
23.0832 	EXP 	Fixation: autoDraw = False
23.0832 	EXP 	text: autoDraw = True
23.5345 	EXP 	New trial (rep=0, index=17): <Trial 17 (17 in rep 0) data={'reward_today': 8, 'future_reward': 55, 'delay': 185, 'thisN': 17, 'thisTrialN': 17, 'thisRepN': 0}>
23.5414 	DATA 	Keypress: l
23.5494 	EXP 	Fixation: autoDraw = False
23.5494 	EXP 	text: autoDraw = False
23.5494 	EXP 	text: height = 0.05
23.5494 	EXP 	text: height = 0.05
23.5494 	EXP 	text: height = 0.05
23.5494 	EXP 	text: text = 'GBP 8 today or GBP 55 after 185 days'
23.5494 	EXP 	Fixation: autoDraw = True
24.5492 	INFO 	Keyboard events cleared
24.5485 	EXP 	Fixation: autoDraw = False
24.5485 	EXP 	text: autoDraw = True
24.6011 	DATA 	Keypress: l
24.6168 	EXP 	New trial (rep=0, index=18): <Trial 18 (18 in rep 0) data={'reward_today': 56, 'future_reward': 125, 'delay': 61, 'thisN': 18, 'thisTrialN': 18, 'thisRepN': 0}>
24.6316 	EXP 	Fixation: autoDraw = False
24.6316 	EXP 	text: autoDraw = False
24.6316 	EXP 	text: height = 0.05
24.6316 	EXP 	text: height = 0.05
24.6316 	EXP 	text: height = 0.05
24.6316 	EXP 	text: text = 'GBP 56 today or GBP 125 after 61 days'
24.6316 	EXP 	Fixation: autoDraw = True
25.6317 	INFO 	Keyboard events cleared
25.6310 	EXP 	Fixation: autoDraw = False
25.6310 	EXP 	text: autoDraw = True
25.7331 	EXP 	New trial (rep=0, index=19): <Trial 19 (19 in rep 0) data={'reward_today': 52, 'future_reward': 118, 'delay': 91, 'thisN': 19, 'thisTrialN': 19, 'thisRepN': 0}>
25.7429 	DATA 	Keypress: l
25.7475 	EXP 	Fixation: autoDraw = False
25.7475 	EXP 	text: autoDraw = False
25.7475 	EXP 	text: height = 0.05
25.7475 	EXP 	text: height = 0.05
25.7475 	EXP 	text: height = 0.05
25.7475 	EXP 	text: text = 'GBP 52 today or GBP 118 after 91 days'
25.7475 	EXP 	Fixation: autoDraw = True
26.7146 	DATA 	Keypress: l
26.7472 	INFO 	Keyboard events cleared
26.7467 	EXP 	text: autoDraw = True
26.7635 	EXP 	Fixation: autoDraw = False
27.1978 	EXP 	New trial (rep=0, index=20): <Trial 20 (20 in rep 0) data={'reward_today': 43, 'future_reward': 111, 'delay': 40, 'thisN': 20, 'thisTrialN': 20, 'thisRepN': 0}>
27.2034 	DATA 	Keypress: l
27.2130 	EXP 	Fixation: autoDraw = False
27.2130 	EXP 	text: autoDraw = False
27.2130 	EXP 	text: height = 0.05
27.2130 	EXP 	text: height = 0.05
27.2130 	EXP 	text: height = 0.05
27.2130 	EXP 	text: text = 'GBP 43 today or GBP 111 after 40 days'
27.2130 	EXP 	Fixation: autoDraw = True
28.2124 	INFO 	Keyboard events cleared
28.2120 	EXP 	Fixation: autoDraw = False
28.2120 	EXP 	text: autoDraw = True
28.2147 	DATA 	Keypress: l
28.2299 	EXP 	New trial (rep=0, index=21): <Trial 21 (21 in rep 0) data={'reward_today': 60, 'future_reward': 152, 'delay': 178, 'thisN': 21, 'thisTrialN': 21, 'thisRepN': 0}>
28.2452 	EXP 	Fixation: autoDraw = False
28.2452 	EXP 	text: autoDraw = False
28.2452 	EXP 	text: height = 0.05
28.2452 	EXP 	text: height = 0.05
28.2452 	EXP 	text: height = 0.05
28.2452 	EXP 	text: text = 'GBP 60 today or GBP 152 after 178 days'
28.2452 	EXP 	Fixation: autoDraw = True
29.2452 	INFO 	Keyboard events cleared
29.2447 	EXP 	Fixation: autoDraw = False
29.2447 	EXP 	text: autoDraw = True
29.3457 	EXP 	New trial (rep=0, index=22): <Trial 22 (22 in rep 0) data={'reward_today': 74, 'future_reward': 186, 'delay': 183, 'thisN': 22, 'thisTrialN': 22, 'thisRepN': 0}>
29.3510 	DATA 	Keypress: l
29.3609 	EXP 	Fixation: autoDraw = False
29.3609 	EXP 	text: autoDraw = False
29.3609 	EXP 	text: height = 0.05
29.3609 	EXP 	text: height = 0.05
29.3609 	EXP 	text: height = 0.05
29.3609 	EXP 	text: text = 'GBP 74 today or GBP 186 after 183 days'
29.3609 	EXP 	Fixation: autoDraw = True
30.3462 	DATA 	Keypress: l
30.3609 	INFO 	Keyboard events cleared
30.3603 	EXP 	Fixation: autoDraw = False
30.3603 	EXP 	text: autoDraw = True
31.2460 	DATA 	Keypress: l
31.2615 	EXP 	New trial (rep=0, index=23): <Trial 23 (23 in rep 0) data={'reward_today': 19, 'future_reward': 58, 'delay': 10, 'thisN': 23, 'thisTrialN': 23, 'thisRepN': 0}>
31.2760 	EXP 	Fixation: autoDraw = False
31.2760 	EXP 	text: autoDraw = False
31.2760 	EXP 	text: height = 0.05
31.2760 	EXP 	text: height = 0.05
31.2760 	EXP 	text: height = 0.05
31.2760 	EXP 	text: text = 'GBP 19 today or GBP 58 after 10 days'
31.2760 	EXP 	Fixation: autoDraw = True
32.2096 	DATA 	Keypress: l
32.2757 	INFO 	Keyboard events cleared
32.2753 	EXP 	Fixation: autoDraw = False
32.2753 	EXP 	text: autoDraw = True
32.5608 	DATA 	Keypress: l
32.5765 	EXP 	New trial (rep=0, index=24): <Trial 24 (24 in rep 0) data={'reward_today': 21, 'future_reward': 109, 'delay': 190, 'thisN': 24, 'thisTrialN': 24, 'thisRepN': 0}>
32.5917 	EXP 	Fixation: autoDraw = False
32.5917 	EXP 	text: autoDraw = False
32.5917 	EXP 	text: height = 0.05
32.5917 	EXP 	text: height = 0.05
32.5917 	EXP 	text: height = 0.05
32.5917 	EXP 	text: text = 'GBP 21 today or GBP 109 after 190 days'
32.5917 	EXP 	Fixation: autoDraw = True
33.5914 	INFO 	Keyboard events cleared
33.5907 	EXP 	text: autoDraw = True
33.6073 	EXP 	Fixation: autoDraw = False
33.6592 	EXP 	New trial (rep=0, index=25): <Trial 25 (25 in rep 0) data={'reward_today': 27, 'future_reward': 73, 'delay': 193, 'thisN': 25, 'thisTrialN': 25, 'thisRepN': 0}>
33.6671 	DATA 	Keypress: l
33.6739 	EXP 	Fixation: autoDraw = False
33.6739 	EXP 	text: autoDraw = False
33.6739 	EXP 	text: height = 0.05
33.6739 	EXP 	text: height = 0.05
33.6739 	EXP 	text: height = 0.05
33.6739 	EXP 	text: text = 'GBP 27 today or GBP 73 after 193 days'
33.6739 	EXP 	Fixation: autoDraw = True
34.5913 	DATA 	Keypress: l
34.6736 	INFO 	Keyboard events cleared
34.6731 	EXP 	Fixation: autoDraw = False
34.6731 	EXP 	text: autoDraw = True
34.9909 	EXP 	New trial (rep=0, index=26): <Trial 26 (26 in rep 0) data={'reward_today': 20, 'future_reward': 103, 'delay': 100, 'thisN': 26, 'thisTrialN': 26, 'thisRepN': 0}>
34.9965 	DATA 	Keypress: l
35.0062 	EXP 	Fixation: autoDraw = False
35.0062 	EXP 	text: autoDraw = False
35.0062 	EXP 	text: height = 0.05
35.0062 	EXP 	text: height = 0.05
35.0062 	EXP 	text: height = 0.05
35.0062 	EXP 	text: text = 'GBP 20 today or GBP 103 after 100 days'
35.0062 	EXP 	Fixation: autoDraw = True
35.5239 	DATA 	Keypress: l
35.9072 	DATA 	Keypress: l
36.0061 	INFO 	Keyboard events cleared
36.0054 	EXP 	text: autoDraw = True
36.0219 	EXP 	Fixation: autoDraw = False
36.2233 	EXP 	New trial (rep=0, index=27): <Trial 27 (27 in rep 0) data={'reward_today': 71, 'future_reward': 139, 'delay': 125, 'thisN': 27, 'thisTrialN': 27, 'thisRepN': 0}>
36.2286 	DATA 	Keypress: l
36.2382 	EXP 	Fixation: autoDraw = False
36.2382 	EXP 	text: autoDraw = False
36.2382 	EXP 	text: height = 0.05
36.2382 	EXP 	text: height = 0.05
36.2382 	EXP 	text: height = 0.05
36.2382 	EXP 	text: text = 'GBP 71 today or GBP 139 after 125 days'
36.2382 	EXP 	Fixation: autoDraw = True
36.5568 	DATA 	Keypress: l
36.8565 	DATA 	Keypress: l
37.1558 	DATA 	Keypress: l
37.2384 	INFO 	Keyboard events cleared
37.2379 	EXP 	Fixation: autoDraw = False
37.2379 	EXP 	text: autoDraw = True
37.4057 	EXP 	New trial (rep=0, index=28): <Trial 28 (28 in rep 0) data={'reward_today': 37, 'future_reward': 102, 'delay': 159, 'thisN': 28, 'thisTrialN': 28, 'thisRepN': 0}>
37.4126 	DATA 	Keypress: l
37.4206 	EXP 	Fixation: autoDraw = False
37.4206 	EXP 	text: autoDraw = False
37.4206 	EXP 	text: height = 0.05
37.4206 	EXP 	text: height = 0.05
37.4206 	EXP 	text: height = 0.05
37.4206 	EXP 	text: text = 'GBP 37 today or GBP 102 after 159 days'
37.4206 	EXP 	Fixation: autoDraw = True
37.6725 	DATA 	Keypress: l
37.9382 	DATA 	Keypress: l
38.2049 	DATA 	Keypress: l
38.4204 	INFO 	Keyboard events cleared
38.4198 	EXP 	Fixation: autoDraw = False
38.4198 	EXP 	text: autoDraw = True
38.4225 	DATA 	Keypress: l
38.4886 	EXP 	New trial (rep=0, index=29): <Trial 29 (29 in rep 0) data={'reward_today': 12, 'future_reward': 91, 'delay': 60, 'thisN': 29, 'thisTrialN': 29, 'thisRepN': 0}>
38.5029 	EXP 	Fixation: autoDraw = False
38.5029 	EXP 	text: autoDraw = False
38.5029 	EXP 	text: height = 0.05
38.5029 	EXP 	text: height = 0.05
38.5029 	EXP 	text: height = 0.05
38.5029 	EXP 	text: text = 'GBP 12 today or GBP 91 after 60 days'
38.5029 	EXP 	Fixation: autoDraw = True
38.6548 	DATA 	Keypress: l
38.8881 	DATA 	Keypress: l
39.1207 	DATA 	Keypress: l
39.3707 	DATA 	Keypress: l
39.5029 	INFO 	Keyboard events cleared
39.5023 	EXP 	Fixation: autoDraw = False
39.5023 	EXP 	text: autoDraw = True
39.6205 	EXP 	New trial (rep=0, index=30): <Trial 30 (30 in rep 0) data={'reward_today': 59, 'future_reward': 143, 'delay': 76, 'thisN': 30, 'thisTrialN': 30, 'thisRepN': 0}>
39.6271 	DATA 	Keypress: l
39.6353 	EXP 	Fixation: autoDraw = False
39.6353 	EXP 	text: autoDraw = False
39.6353 	EXP 	text: height = 0.05
39.6353 	EXP 	text: height = 0.05
39.6353 	EXP 	text: height = 0.05
39.6353 	EXP 	text: text = 'GBP 59 today or GBP 143 after 76 days'
39.6353 	EXP 	Fixation: autoDraw = True
39.8875 	DATA 	Keypress: l
40.0875 	DATA 	Keypress: l
40.4034 	DATA 	Keypress: l
40.6220 	DATA 	Keypress: l
40.6355 	INFO 	Keyboard events cleared
40.6347 	EXP 	Fixation: autoDraw = False
40.6347 	EXP 	text: autoDraw = True
41.2525 	EXP 	New trial (rep=0, index=31): <Trial 31 (31 in rep 0) data={'reward_today': 34, 'future_reward': 100, 'delay': 152, 'thisN': 31, 'thisTrialN': 31, 'thisRepN': 0}>
41.2623 	DATA 	Keypress: l
41.2671 	EXP 	Fixation: autoDraw = False
41.2671 	EXP 	text: autoDraw = False
41.2671 	EXP 	text: height = 0.05
41.2671 	EXP 	text: height = 0.05
41.2671 	EXP 	text: height = 0.05
41.2671 	EXP 	text: text = 'GBP 34 today or GBP 100 after 152 days'
41.2671 	EXP 	Fixation: autoDraw = True
42.2669 	INFO 	Keyboard events cleared
42.2665 	EXP 	Fixation: autoDraw = False
42.2665 	EXP 	text: autoDraw = True
43.1171 	EXP 	New trial (rep=0, index=32): <Trial 32 (32 in rep 0) data={'reward_today': 46, 'future_reward': 112, 'delay': 116, 'thisN': 32, 'thisTrialN': 32, 'thisRepN': 0}>
43.1247 	DATA 	Keypress: l
43.1324 	EXP 	Fixation: autoDraw = False
43.1324 	EXP 	text: autoDraw = False
43.1324 	EXP 	text: height = 0.05
43.1324 	EXP 	text: height = 0.05
43.1324 	EXP 	text: height = 0.05
43.1324 	EXP 	text: text = 'GBP 46 today or GBP 112 after 116 days'
43.1324 	EXP 	Fixation: autoDraw = True
44.1326 	INFO 	Keyboard events cleared
44.1317 	EXP 	text: autoDraw = True
44.1483 	EXP 	Fixation: autoDraw = False
44.4997 	EXP 	New trial (rep=0, index=33): <Trial 33 (33 in rep 0) data={'reward_today': 57, 'future_reward': 129, 'delay': 146, 'thisN': 33, 'thisTrialN': 33, 'thisRepN': 0}>
44.5071 	DATA 	Keypress: l
44.5144 	EXP 	Fixation: autoDraw = False
44.5144 	EXP 	text: autoDraw = False
44.5144 	EXP 	text: height = 0.05
44.5144 	EXP 	text: height = 0.05
44.5144 	EXP 	text: height = 0.05
44.5144 	EXP 	text: text = 'GBP 57 today or GBP 129 after 146 days'
44.5144 	EXP 	Fixation: autoDraw = True
45.5141 	INFO 	Keyboard events cleared
45.5136 	EXP 	Fixation: autoDraw = False
45.5136 	EXP 	text: autoDraw = True
46.4141 	EXP 	New trial (rep=0, index=34): <Trial 34 (34 in rep 0) data={'reward_today': 35, 'future_reward': 81, 'delay': 15, 'thisN': 34, 'thisTrialN': 34, 'thisRepN': 0}>
46.4199 	DATA 	Keypress: l
46.4294 	EXP 	Fixation: autoDraw = False
46.4294 	EXP 	text: autoDraw = False
46.4294 	EXP 	text: height = 0.05
46.4294 	EXP 	text: height = 0.05
46.4294 	EXP 	text: height = 0.05
46.4294 	EXP 	text: text = 'GBP 35 today or GBP 81 after 15 days'
46.4294 	EXP 	Fixation: autoDraw = True
47.4292 	INFO 	Keyboard events cleared
47.4287 	EXP 	Fixation: autoDraw = False
47.4287 	EXP 	text: autoDraw = True
47.7135 	EXP 	New trial (rep=0, index=35): <Trial 35 (35 in rep 0) data={'reward_today': 48, 'future_reward': 136, 'delay': 171, 'thisN': 35, 'thisTrialN': 35, 'thisRepN': 0}>
47.7207 	DATA 	Keypress: l
47.7284 	EXP 	Fixation: autoDraw = False
47.7284 	EXP 	text: autoDraw = False
47.7284 	EXP 	text: height = 0.05
47.7284 	EXP 	text: height = 0.05
47.7284 	EXP 	text: height = 0.05
47.7284 	EXP 	text: text = 'GBP 48 today or GBP 136 after 171 days'
47.7284 	EXP 	Fixation: autoDraw = True
48.7282 	INFO 	Keyboard events cleared
48.7277 	EXP 	Fixation: autoDraw = False
48.7277 	EXP 	text: autoDraw = True
49.0285 	EXP 	New trial (rep=0, index=36): <Trial 36 (36 in rep 0) data={'reward_today': 40, 'future_reward': 55, 'delay': 155, 'thisN': 36, 'thisTrialN': 36, 'thisRepN': 0}>
49.0341 	DATA 	Keypress: l
49.0438 	EXP 	Fixation: autoDraw = False
49.0438 	EXP 	text: autoDraw = False
49.0438 	EXP 	text: height = 0.05
49.0438 	EXP 	text: height = 0.05
49.0438 	EXP 	text: height = 0.05
49.0438 	EXP 	text: text = 'GBP 40 today or GBP 55 after 155 days'
49.0438 	EXP 	Fixation: autoDraw = True
50.0437 	INFO 	Keyboard events cleared
50.0431 	EXP 	Fixation: autoDraw = False
50.0431 	EXP 	text: autoDraw = True
50.4277 	EXP 	New trial (rep=0, index=37): <Trial 37 (37 in rep 0) data={'reward_today': 11, 'future_reward': 80, 'delay': 38, 'thisN': 37, 'thisTrialN': 37, 'thisRepN': 0}>
50.4349 	DATA 	Keypress: l
50.4428 	EXP 	Fixation: autoDraw = False
50.4428 	EXP 	text: autoDraw = False
50.4428 	EXP 	text: height = 0.05
50.4428 	EXP 	text: height = 0.05
50.4428 	EXP 	text: height = 0.05
50.4428 	EXP 	text: text = 'GBP 11 today or GBP 80 after 38 days'
50.4428 	EXP 	Fixation: autoDraw = True
51.4424 	INFO 	Keyboard events cleared
51.4418 	EXP 	Fixation: autoDraw = False
51.4418 	EXP 	text: autoDraw = True
51.4608 	DATA 	Keypress: l
51.4773 	EXP 	New trial (rep=0, index=38): <Trial 38 (38 in rep 0) data={'reward_today': 25, 'future_reward': 93, 'delay': 180, 'thisN': 38, 'thisTrialN': 38, 'thisRepN': 0}>
51.4918 	EXP 	Fixation: autoDraw = False
51.4918 	EXP 	text: autoDraw = False
51.4918 	EXP 	text: height = 0.05
51.4918 	EXP 	text: height = 0.05
51.4918 	EXP 	text: height = 0.05
51.4918 	EXP 	text: text = 'GBP 25 today or GBP 93 after 180 days'
51.4918 	EXP 	Fixation: autoDraw = True
52.4914 	INFO 	Keyboard events cleared
52.4909 	EXP 	Fixation: autoDraw = False
52.4909 	EXP 	text: autoDraw = True
52.8750 	EXP 	New trial (rep=0, index=39): <Trial 39 (39 in rep 0) data={'reward_today': 70, 'future_reward': 134, 'delay': 6, 'thisN': 39, 'thisTrialN': 39, 'thisRepN': 0}>
52.8822 	DATA 	Keypress: l
52.8904 	EXP 	Fixation: autoDraw = False
52.8904 	EXP 	text: autoDraw = False
52.8904 	EXP 	text: height = 0.05
52.8904 	EXP 	text: height = 0.05
52.8904 	EXP 	text: height = 0.05
52.8904 	EXP 	text: text = 'GBP 70 today or GBP 134 after 6 days'
52.8904 	EXP 	Fixation: autoDraw = True
53.8902 	INFO 	Keyboard events cleared
53.8897 	EXP 	Fixation: autoDraw = False
53.8897 	EXP 	text: autoDraw = True
54.0920 	DATA 	Keypress: l
54.1079 	EXP 	New trial (rep=0, index=40): <Trial 40 (40 in rep 0) data={'reward_today': 76, 'future_reward': 184, 'delay': 9, 'thisN': 40, 'thisTrialN': 40, 'thisRepN': 0}>
54.1227 	EXP 	Fixation: autoDraw = False
54.1227 	EXP 	text: autoDraw = False
54.1227 	EXP 	text: height = 0.05
54.1227 	EXP 	text: height = 0.05
54.1227 	EXP 	text: height = 0.05
54.1227 	EXP 	text: text = 'GBP 76 today or GBP 184 after 9 days'
54.1227 	EXP 	Fixation: autoDraw = True
55.1225 	INFO 	Keyboard events cleared
55.1220 	EXP 	Fixation: autoDraw = False
55.1220 	EXP 	text: autoDraw = True
55.2572 	EXP 	New trial (rep=0, index=41): <Trial 41 (41 in rep 0) data={'reward_today': 54, 'future_reward': 176, 'delay': 141, 'thisN': 41, 'thisTrialN': 41, 'thisRepN': 0}>
55.2643 	DATA 	Keypress: t
55.2719 	EXP 	Fixation: autoDraw = False
55.2719 	EXP 	text: autoDraw = False
55.2719 	EXP 	text: height = 0.05
55.2719 	EXP 	text: height = 0.05
55.2719 	EXP 	text: height = 0.05
55.2719 	EXP 	text: text = 'GBP 54 today or GBP 176 after 141 days'
55.2719 	EXP 	Fixation: autoDraw = True
56.2714 	INFO 	Keyboard events cleared
56.2710 	EXP 	text: autoDraw = True
56.2877 	EXP 	Fixation: autoDraw = False
56.3556 	EXP 	New trial (rep=0, index=42): <Trial 42 (42 in rep 0) data={'reward_today': 15, 'future_reward': 98, 'delay': 80, 'thisN': 42, 'thisTrialN': 42, 'thisRepN': 0}>
56.3612 	DATA 	Keypress: t
56.3707 	EXP 	Fixation: autoDraw = False
56.3707 	EXP 	text: autoDraw = False
56.3707 	EXP 	text: height = 0.05
56.3707 	EXP 	text: height = 0.05
56.3707 	EXP 	text: height = 0.05
56.3707 	EXP 	text: text = 'GBP 15 today or GBP 98 after 80 days'
56.3707 	EXP 	Fixation: autoDraw = True
57.3703 	INFO 	Keyboard events cleared
57.3699 	EXP 	Fixation: autoDraw = False
57.3699 	EXP 	text: autoDraw = True
57.3882 	EXP 	New trial (rep=0, index=43): <Trial 43 (43 in rep 0) data={'reward_today': 58, 'future_reward': 119, 'delay': 176, 'thisN': 43, 'thisTrialN': 43, 'thisRepN': 0}>
57.3944 	DATA 	Keypress: t
57.4034 	EXP 	Fixation: autoDraw = False
57.4034 	EXP 	text: autoDraw = False
57.4034 	EXP 	text: height = 0.05
57.4034 	EXP 	text: height = 0.05
57.4034 	EXP 	text: height = 0.05
57.4034 	EXP 	text: text = 'GBP 58 today or GBP 119 after 176 days'
57.4034 	EXP 	Fixation: autoDraw = True
58.4030 	INFO 	Keyboard events cleared
58.4023 	EXP 	text: autoDraw = True
58.4057 	DATA 	Keypress: t
58.4192 	EXP 	Fixation: autoDraw = False
59.4198 	EXP 	New trial (rep=0, index=44): <Trial 44 (44 in rep 0) data={'reward_today': 18, 'future_reward': 99, 'delay': 124, 'thisN': 44, 'thisTrialN': 44, 'thisRepN': 0}>
59.4262 	DATA 	Keypress: t
59.4348 	EXP 	Fixation: autoDraw = False
59.4348 	EXP 	text: autoDraw = False
59.4348 	EXP 	text: height = 0.05
59.4348 	EXP 	text: height = 0.05
59.4348 	EXP 	text: height = 0.05
59.4348 	EXP 	text: text = 'GBP 18 today or GBP 99 after 124 days'
59.4348 	EXP 	Fixation: autoDraw = True
60.3518 	DATA 	Keypress: t
60.4347 	INFO 	Keyboard events cleared
60.4342 	EXP 	text: autoDraw = True
60.4505 	EXP 	Fixation: autoDraw = False
61.3680 	EXP 	New trial (rep=0, index=45): <Trial 45 (45 in rep 0) data={'reward_today': 40, 'future_reward': 114, 'delay': 146, 'thisN': 45, 'thisTrialN': 45, 'thisRepN': 0}>
61.3741 	DATA 	Keypress: t
61.3830 	EXP 	Fixation: autoDraw = False
61.3830 	EXP 	text: autoDraw = False
61.3830 	EXP 	text: height = 0.05
61.3830 	EXP 	text: height = 0.05
61.3830 	EXP 	text: height = 0.05
61.3830 	EXP 	text: text = 'GBP 40 today or GBP 114 after 146 days'
61.3830 	EXP 	Fixation: autoDraw = True
62.3827 	INFO 	Keyboard events cleared
62.3823 	EXP 	Fixation: autoDraw = False
62.3823 	EXP 	text: autoDraw = True
63.1995 	EXP 	New trial (rep=0, index=46): <Trial 46 (46 in rep 0) data={'reward_today': 50, 'future_reward': 92, 'delay': 12, 'thisN': 46, 'thisTrialN': 46, 'thisRepN': 0}>
63.2052 	DATA 	Keypress: t
63.2148 	EXP 	Fixation: autoDraw = False
63.2148 	EXP 	text: autoDraw = False
63.2148 	EXP 	text: height = 0.05
63.2148 	EXP 	text: height = 0.05
63.2148 	EXP 	text: height = 0.05
63.2148 	EXP 	text: text = 'GBP 50 today or GBP 92 after 12 days'
63.2148 	EXP 	Fixation: autoDraw = True
64.2146 	INFO 	Keyboard events cleared
64.2141 	EXP 	Fixation: autoDraw = False
64.2141 	EXP 	text: autoDraw = True
64.2821 	EXP 	New trial (rep=0, index=47): <Trial 47 (47 in rep 0) data={'reward_today': 15, 'future_reward': 84, 'delay': 32, 'thisN': 47, 'thisTrialN': 47, 'thisRepN': 0}>
64.2877 	DATA 	Keypress: t
64.2973 	EXP 	Fixation: autoDraw = False
64.2973 	EXP 	text: autoDraw = False
64.2973 	EXP 	text: height = 0.05
64.2973 	EXP 	text: height = 0.05
64.2973 	EXP 	text: height = 0.05
64.2973 	EXP 	text: text = 'GBP 15 today or GBP 84 after 32 days'
64.2973 	EXP 	Fixation: autoDraw = True
65.2970 	INFO 	Keyboard events cleared
65.2964 	EXP 	Fixation: autoDraw = False
65.2964 	EXP 	text: autoDraw = True
65.6478 	EXP 	New trial (rep=0, index=48): <Trial 48 (48 in rep 0) data={'reward_today': 48, 'future_reward': 97, 'delay': 5, 'thisN': 48, 'thisTrialN': 48, 'thisRepN': 0}>
65.6539 	DATA 	Keypress: t
65.6627 	EXP 	Fixation: autoDraw = False
65.6627 	EXP 	text: autoDraw = False
65.6627 	EXP 	text: height = 0.05
65.6627 	EXP 	text: height = 0.05
65.6627 	EXP 	text: height = 0.05
65.6627 	EXP 	text: text = 'GBP 48 today or GBP 97 after 5 days'
65.6627 	EXP 	Fixation: autoDraw = True
66.6628 	INFO 	Keyboard events cleared
66.6619 	EXP 	Fixation: autoDraw = False
66.6619 	EXP 	text: autoDraw = True
66.7302 	EXP 	New trial (rep=0, index=49): <Trial 49 (49 in rep 0) data={'reward_today': 33, 'future_reward': 69, 'delay': 49, 'thisN': 49, 'thisTrialN': 49, 'thisRepN': 0}>
66.7369 	DATA 	Keypress: t
66.7451 	EXP 	Fixation: autoDraw = False
66.7451 	EXP 	text: autoDraw = False
66.7451 	EXP 	text: height = 0.05
66.7451 	EXP 	text: height = 0.05
66.7451 	EXP 	text: height = 0.05
66.7451 	EXP 	text: text = 'GBP 33 today or GBP 69 after 49 days'
66.7451 	EXP 	Fixation: autoDraw = True
67.7449 	INFO 	Keyboard events cleared
67.7443 	EXP 	Fixation: autoDraw = False
67.7443 	EXP 	text: autoDraw = True
67.8461 	EXP 	New trial (rep=0, index=50): <Trial 50 (50 in rep 0) data={'reward_today': 36, 'future_reward': 89, 'delay': 73, 'thisN': 50, 'thisTrialN': 50, 'thisRepN': 0}>
67.8549 	DATA 	Keypress: t
67.8609 	EXP 	Fixation: autoDraw = False
67.8609 	EXP 	text: autoDraw = False
67.8609 	EXP 	text: height = 0.05
67.8609 	EXP 	text: height = 0.05
67.8609 	EXP 	text: height = 0.05
67.8609 	EXP 	text: text = 'GBP 36 today or GBP 89 after 73 days'
67.8609 	EXP 	Fixation: autoDraw = True
68.8605 	INFO 	Keyboard events cleared
68.8600 	EXP 	Fixation: autoDraw = False
68.8600 	EXP 	text: autoDraw = True
69.0784 	EXP 	New trial (rep=0, index=51): <Trial 51 (51 in rep 0) data={'reward_today': 31, 'future_reward': 96, 'delay': 137, 'thisN': 51, 'thisTrialN': 51, 'thisRepN': 0}>
69.0861 	DATA 	Keypress: t
69.0930 	EXP 	Fixation: autoDraw = False
69.0930 	EXP 	text: autoDraw = False
69.0930 	EXP 	text: height = 0.05
69.0930 	EXP 	text: height = 0.05
69.0930 	EXP 	text: height = 0.05
69.0930 	EXP 	text: text = 'GBP 31 today or GBP 96 after 137 days'
69.0930 	EXP 	Fixation: autoDraw = True
70.0931 	INFO 	Keyboard events cleared
70.0923 	EXP 	Fixation: autoDraw = False
70.0923 	EXP 	text: autoDraw = True
70.0956 	DATA 	Keypress: t
70.2437 	EXP 	New trial (rep=0, index=52): <Trial 52 (52 in rep 0) data={'reward_today': 29, 'future_reward': 121, 'delay': 200, 'thisN': 52, 'thisTrialN': 52, 'thisRepN': 0}>
70.2587 	EXP 	Fixation: autoDraw = False
70.2587 	EXP 	text: autoDraw = False
70.2587 	EXP 	text: height = 0.05
70.2587 	EXP 	text: height = 0.05
70.2587 	EXP 	text: height = 0.05
70.2587 	EXP 	text: text = 'GBP 29 today or GBP 121 after 200 days'
70.2587 	EXP 	Fixation: autoDraw = True
71.2586 	INFO 	Keyboard events cleared
71.2579 	EXP 	Fixation: autoDraw = False
71.2579 	EXP 	text: autoDraw = True
71.3260 	EXP 	New trial (rep=0, index=53): <Trial 53 (53 in rep 0) data={'reward_today': 19, 'future_reward': 95, 'delay': 87, 'thisN': 53, 'thisTrialN': 53, 'thisRepN': 0}>
71.3325 	DATA 	Keypress: t
71.3412 	EXP 	Fixation: autoDraw = False
71.3412 	EXP 	text: autoDraw = False
71.3412 	EXP 	text: height = 0.05
71.3412 	EXP 	text: height = 0.05
71.3412 	EXP 	text: height = 0.05
71.3412 	EXP 	text: text = 'GBP 19 today or GBP 95 after 87 days'
71.3412 	EXP 	Fixation: autoDraw = True
72.3413 	INFO 	Keyboard events cleared
72.3403 	EXP 	Fixation: autoDraw = False
72.3403 	EXP 	text: autoDraw = True
72.7258 	EXP 	New trial (rep=0, index=54): <Trial 54 (54 in rep 0) data={'reward_today': 51, 'future_reward': 106, 'delay': 2, 'thisN': 54, 'thisTrialN': 54, 'thisRepN': 0}>
72.7370 	DATA 	Keypress: t
72.7402 	EXP 	Fixation: autoDraw = False
72.7402 	EXP 	text: autoDraw = False
72.7402 	EXP 	text: height = 0.05
72.7402 	EXP 	text: height = 0.05
72.7402 	EXP 	text: height = 0.05
72.7402 	EXP 	text: text = 'GBP 51 today or GBP 106 after 2 days'
72.7402 	EXP 	Fixation: autoDraw = True
73.6735 	DATA 	Keypress: t
73.7394 	INFO 	Keyboard events cleared
73.7390 	EXP 	text: autoDraw = True
73.7559 	EXP 	Fixation: autoDraw = False
74.1907 	EXP 	New trial (rep=0, index=55): <Trial 55 (55 in rep 0) data={'reward_today': 57, 'future_reward': 75, 'delay': 128, 'thisN': 55, 'thisTrialN': 55, 'thisRepN': 0}>
74.2001 	DATA 	Keypress: t
74.2053 	EXP 	Fixation: autoDraw = False
74.2053 	EXP 	text: autoDraw = False
74.2053 	EXP 	text: height = 0.05
74.2053 	EXP 	text: height = 0.05
74.2053 	EXP 	text: height = 0.05
74.2053 	EXP 	text: text = 'GBP 57 today or GBP 75 after 128 days'
74.2053 	EXP 	Fixation: autoDraw = True
75.2050 	INFO 	Keyboard events cleared
75.2045 	EXP 	Fixation: autoDraw = False
75.2045 	EXP 	text: autoDraw = True
76.1220 	EXP 	New trial (rep=0, index=56): <Trial 56 (56 in rep 0) data={'reward_today': 47, 'future_reward': 124, 'delay': 133, 'thisN': 56, 'thisTrialN': 56, 'thisRepN': 0}>
76.1327 	DATA 	Keypress: t
76.1367 	EXP 	Fixation: autoDraw = False
76.1367 	EXP 	text: autoDraw = False
76.1367 	EXP 	text: height = 0.05
76.1367 	EXP 	text: height = 0.05
76.1367 	EXP 	text: height = 0.05
76.1367 	EXP 	text: text = 'GBP 47 today or GBP 124 after 133 days'
76.1367 	EXP 	Fixation: autoDraw = True
77.1373 	INFO 	Keyboard events cleared
77.1365 	EXP 	Fixation: autoDraw = False
77.1365 	EXP 	text: autoDraw = True
77.1720 	EXP 	New trial (rep=0, index=57): <Trial 57 (57 in rep 0) data={'reward_today': 27, 'future_reward': 90, 'delay': 193, 'thisN': 57, 'thisTrialN': 57, 'thisRepN': 0}>
77.1827 	DATA 	Keypress: t
77.1860 	EXP 	Fixation: autoDraw = False
77.1860 	EXP 	text: autoDraw = False
77.1860 	EXP 	text: height = 0.05
77.1860 	EXP 	text: height = 0.05
77.1860 	EXP 	text: height = 0.05
77.1860 	EXP 	text: text = 'GBP 27 today or GBP 90 after 193 days'
77.1860 	EXP 	Fixation: autoDraw = True
78.1206 	DATA 	Keypress: t
78.1858 	INFO 	Keyboard events cleared
78.1852 	EXP 	Fixation: autoDraw = False
78.1852 	EXP 	text: autoDraw = True
79.1859 	EXP 	New trial (rep=0, index=58): <Trial 58 (58 in rep 0) data={'reward_today': 39, 'future_reward': 66, 'delay': 108, 'thisN': 58, 'thisTrialN': 58, 'thisRepN': 0}>
79.1932 	DATA 	Keypress: t
79.2008 	EXP 	Fixation: autoDraw = False
79.2008 	EXP 	text: autoDraw = False
79.2008 	EXP 	text: height = 0.05
79.2008 	EXP 	text: height = 0.05
79.2008 	EXP 	text: height = 0.05
79.2008 	EXP 	text: text = 'GBP 39 today or GBP 66 after 108 days'
79.2008 	EXP 	Fixation: autoDraw = True
80.2007 	INFO 	Keyboard events cleared
80.2002 	EXP 	Fixation: autoDraw = False
80.2002 	EXP 	text: autoDraw = True
80.2516 	EXP 	New trial (rep=0, index=59): <Trial 59 (59 in rep 0) data={'reward_today': 24, 'future_reward': 65, 'delay': 154, 'thisN': 59, 'thisTrialN': 59, 'thisRepN': 0}>
80.2577 	DATA 	Keypress: t
80.2667 	EXP 	Fixation: autoDraw = False
80.2667 	EXP 	text: autoDraw = False
80.2667 	EXP 	text: height = 0.05
80.2667 	EXP 	text: height = 0.05
80.2667 	EXP 	text: height = 0.05
80.2667 	EXP 	text: text = 'GBP 24 today or GBP 65 after 154 days'
80.2667 	EXP 	Fixation: autoDraw = True
81.2664 	INFO 	Keyboard events cleared
81.2659 	EXP 	Fixation: autoDraw = False
81.2659 	EXP 	text: autoDraw = True
82.0333 	EXP 	New trial (rep=0, index=60): <Trial 60 (60 in rep 0) data={'reward_today': 11, 'future_reward': 30, 'delay': 137, 'thisN': 60, 'thisTrialN': 60, 'thisRepN': 0}>
82.0387 	DATA 	Keypress: t
82.0484 	EXP 	Fixation: autoDraw = False
82.0484 	EXP 	text: autoDraw = False
82.0484 	EXP 	text: height = 0.05
82.0484 	EXP 	text: height = 0.05
82.0484 	EXP 	text: height = 0.05
82.0484 	EXP 	text: text = 'GBP 11 today or GBP 30 after 137 days'
82.0484 	EXP 	Fixation: autoDraw = True
83.0484 	INFO 	Keyboard events cleared
83.0478 	EXP 	Fixation: autoDraw = False
83.0478 	EXP 	text: autoDraw = True
83.7159 	DATA 	Keypress: t
83.7318 	EXP 	New trial (rep=0, index=61): <Trial 61 (61 in rep 0) data={'reward_today': 9, 'future_reward': 67, 'delay': 63, 'thisN': 61, 'thisTrialN': 61, 'thisRepN': 0}>
83.7470 	EXP 	Fixation: autoDraw = False
83.7470 	EXP 	text: autoDraw = False
83.7470 	EXP 	text: height = 0.05
83.7470 	EXP 	text: height = 0.05
83.7470 	EXP 	text: height = 0.05
83.7470 	EXP 	text: text = 'GBP 9 today or GBP 67 after 63 days'
83.7470 	EXP 	Fixation: autoDraw = True
84.6811 	DATA 	Keypress: t
84.7467 	INFO 	Keyboard events cleared
84.7462 	EXP 	Fixation: autoDraw = False
84.7462 	EXP 	text: autoDraw = True
85.6802 	EXP 	New trial (rep=0, index=62): <Trial 62 (62 in rep 0) data={'reward_today': 33, 'future_reward': 69, 'delay': 24, 'thisN': 62, 'thisTrialN': 62, 'thisRepN': 0}>
85.6897 	DATA 	Keypress: t
85.6951 	EXP 	Fixation: autoDraw = False
85.6951 	EXP 	text: autoDraw = False
85.6951 	EXP 	text: height = 0.05
85.6951 	EXP 	text: height = 0.05
85.6951 	EXP 	text: height = 0.05
85.6951 	EXP 	text: text = 'GBP 33 today or GBP 69 after 24 days'
85.6951 	EXP 	Fixation: autoDraw = True
86.6952 	INFO 	Keyboard events cleared
86.6946 	EXP 	Fixation: autoDraw = False
86.6946 	EXP 	text: autoDraw = True
86.8961 	EXP 	New trial (rep=0, index=63): <Trial 63 (63 in rep 0) data={'reward_today': 10, 'future_reward': 43, 'delay': 25, 'thisN': 63, 'thisTrialN': 63, 'thisRepN': 0}>
86.9033 	DATA 	Keypress: t
86.9109 	EXP 	Fixation: autoDraw = False
86.9109 	EXP 	text: autoDraw = False
86.9109 	EXP 	text: height = 0.05
86.9109 	EXP 	text: height = 0.05
86.9109 	EXP 	text: height = 0.05
86.9109 	EXP 	text: text = 'GBP 10 today or GBP 43 after 25 days'
86.9109 	EXP 	Fixation: autoDraw = True
87.9107 	INFO 	Keyboard events cleared
87.9101 	EXP 	Fixation: autoDraw = False
87.9101 	EXP 	text: autoDraw = True
96.3041 	EXP 	New trial (rep=0, index=64): <Trial 64 (64 in rep 0) data={'reward_today': 27, 'future_reward': 50, 'delay': 7, 'thisN': 64, 'thisTrialN': 64, 'thisRepN': 0}>
96.3129 	DATA 	Keypress: t
96.3195 	EXP 	Fixation: autoDraw = False
96.3195 	EXP 	text: autoDraw = False
96.3195 	EXP 	text: height = 0.05
96.3195 	EXP 	text: height = 0.05
96.3195 	EXP 	text: height = 0.05
96.3195 	EXP 	text: text = 'GBP 27 today or GBP 50 after 7 days'
96.3195 	EXP 	Fixation: autoDraw = True
96.5872 	DATA 	Keypress: l
97.2366 	DATA 	Keypress: l
97.3190 	INFO 	Keyboard events cleared
97.3185 	EXP 	text: autoDraw = True
97.3354 	EXP 	Fixation: autoDraw = False
97.6531 	EXP 	New trial (rep=0, index=65): <Trial 65 (65 in rep 0) data={'reward_today': 13, 'future_reward': 77, 'delay': 72, 'thisN': 65, 'thisTrialN': 65, 'thisRepN': 0}>
97.6589 	DATA 	Keypress: l
97.6681 	EXP 	Fixation: autoDraw = False
97.6681 	EXP 	text: autoDraw = False
97.6681 	EXP 	text: height = 0.05
97.6681 	EXP 	text: height = 0.05
97.6681 	EXP 	text: height = 0.05
97.6681 	EXP 	text: text = 'GBP 13 today or GBP 77 after 72 days'
97.6681 	EXP 	Fixation: autoDraw = True
98.5034 	DATA 	Keypress: t
98.6682 	INFO 	Keyboard events cleared
98.6674 	EXP 	Fixation: autoDraw = False
98.6674 	EXP 	text: autoDraw = True
98.9351 	EXP 	New trial (rep=0, index=66): <Trial 66 (66 in rep 0) data={'reward_today': 62, 'future_reward': 145, 'delay': 173, 'thisN': 66, 'thisTrialN': 66, 'thisRepN': 0}>
98.9407 	DATA 	Keypress: t
98.9505 	EXP 	Fixation: autoDraw = False
98.9505 	EXP 	text: autoDraw = False
98.9505 	EXP 	text: height = 0.05
98.9505 	EXP 	text: height = 0.05
98.9505 	EXP 	text: height = 0.05
98.9505 	EXP 	text: text = 'GBP 62 today or GBP 145 after 173 days'
98.9505 	EXP 	Fixation: autoDraw = True
99.6344 	DATA 	Keypress: l
99.9500 	INFO 	Keyboard events cleared
99.9495 	EXP 	Fixation: autoDraw = False
99.9495 	EXP 	text: autoDraw = True
99.9841 	EXP 	New trial (rep=0, index=67): <Trial 67 (67 in rep 0) data={'reward_today': 67, 'future_reward': 177, 'delay': 64, 'thisN': 67, 'thisTrialN': 67, 'thisRepN': 0}>
99.9896 	DATA 	Keypress: l
99.9997 	EXP 	Fixation: autoDraw = False
99.9997 	EXP 	text: autoDraw = False
99.9997 	EXP 	text: height = 0.05
99.9997 	EXP 	text: height = 0.05
99.9997 	EXP 	text: height = 0.05
99.9997 	EXP 	text: text = 'GBP 67 today or GBP 177 after 64 days'
99.9997 	EXP 	Fixation: autoDraw = True
100.8841 	DATA 	Keypress: l
100.9994 	INFO 	Keyboard events cleared
100.9988 	EXP 	Fixation: autoDraw = False
100.9988 	EXP 	text: autoDraw = True
101.2836 	EXP 	New trial (rep=0, index=68): <Trial 68 (68 in rep 0) data={'reward_today': 47, 'future_reward': 137, 'delay': 14, 'thisN': 68, 'thisTrialN': 68, 'thisRepN': 0}>
101.2910 	DATA 	Keypress: l
101.2985 	EXP 	Fixation: autoDraw = False
101.2985 	EXP 	text: autoDraw = False
101.2985 	EXP 	text: height = 0.05
101.2985 	EXP 	text: height = 0.05
101.2985 	EXP 	text: height = 0.05
101.2985 	EXP 	text: text = 'GBP 47 today or GBP 137 after 14 days'
101.2985 	EXP 	Fixation: autoDraw = True
102.2984 	INFO 	Keyboard events cleared
102.2977 	EXP 	Fixation: autoDraw = False
102.2977 	EXP 	text: autoDraw = True
102.3005 	DATA 	Keypress: l
102.3827 	EXP 	New trial (rep=0, index=69): <Trial 69 (69 in rep 0) data={'reward_today': 49, 'future_reward': 60, 'delay': 190, 'thisN': 69, 'thisTrialN': 69, 'thisRepN': 0}>
102.3974 	EXP 	Fixation: autoDraw = False
102.3974 	EXP 	text: autoDraw = False
102.3974 	EXP 	text: height = 0.05
102.3974 	EXP 	text: height = 0.05
102.3974 	EXP 	text: height = 0.05
102.3974 	EXP 	text: text = 'GBP 49 today or GBP 60 after 190 days'
102.3974 	EXP 	Fixation: autoDraw = True
102.5655 	DATA 	Keypress: l
103.3827 	DATA 	Keypress: l
103.3972 	INFO 	Keyboard events cleared
103.3966 	EXP 	Fixation: autoDraw = False
103.3966 	EXP 	text: autoDraw = True
103.6813 	EXP 	New trial (rep=0, index=70): <Trial 70 (70 in rep 0) data={'reward_today': 11, 'future_reward': 48, 'delay': 26, 'thisN': 70, 'thisTrialN': 70, 'thisRepN': 0}>
103.6903 	DATA 	Keypress: l
103.6963 	EXP 	Fixation: autoDraw = False
103.6963 	EXP 	text: autoDraw = False
103.6963 	EXP 	text: height = 0.05
103.6963 	EXP 	text: height = 0.05
103.6963 	EXP 	text: height = 0.05
103.6963 	EXP 	text: text = 'GBP 11 today or GBP 48 after 26 days'
103.6963 	EXP 	Fixation: autoDraw = True
104.6962 	INFO 	Keyboard events cleared
104.6955 	EXP 	Fixation: autoDraw = False
104.6955 	EXP 	text: autoDraw = True
104.8807 	EXP 	New trial (rep=0, index=71): <Trial 71 (71 in rep 0) data={'reward_today': 15, 'future_reward': 35, 'delay': 68, 'thisN': 71, 'thisTrialN': 71, 'thisRepN': 0}>
104.8900 	DATA 	Keypress: l
104.8952 	EXP 	Fixation: autoDraw = False
104.8952 	EXP 	text: autoDraw = False
104.8952 	EXP 	text: height = 0.05
104.8952 	EXP 	text: height = 0.05
104.8952 	EXP 	text: height = 0.05
104.8952 	EXP 	text: text = 'GBP 15 today or GBP 35 after 68 days'
104.8952 	EXP 	Fixation: autoDraw = True
105.2964 	DATA 	Keypress: l
105.8950 	INFO 	Keyboard events cleared
105.8944 	EXP 	Fixation: autoDraw = False
105.8944 	EXP 	text: autoDraw = True
106.1458 	EXP 	New trial (rep=0, index=72): <Trial 72 (72 in rep 0) data={'reward_today': 78, 'future_reward': 80, 'delay': 34, 'thisN': 72, 'thisTrialN': 72, 'thisRepN': 0}>
106.1525 	DATA 	Keypress: l
106.1608 	EXP 	Fixation: autoDraw = False
106.1608 	EXP 	text: autoDraw = False
106.1608 	EXP 	text: height = 0.05
106.1608 	EXP 	text: height = 0.05
106.1608 	EXP 	text: height = 0.05
106.1608 	EXP 	text: text = 'GBP 78 today or GBP 80 after 34 days'
106.1608 	EXP 	Fixation: autoDraw = True
106.4620 	DATA 	Keypress: l
107.1605 	INFO 	Keyboard events cleared
107.1600 	EXP 	Fixation: autoDraw = False
107.1600 	EXP 	text: autoDraw = True
107.4947 	EXP 	New trial (rep=0, index=73): <Trial 73 (73 in rep 0) data={'reward_today': 16, 'future_reward': 63, 'delay': 200, 'thisN': 73, 'thisTrialN': 73, 'thisRepN': 0}>
107.5007 	DATA 	Keypress: l
107.5096 	EXP 	Fixation: autoDraw = False
107.5096 	EXP 	text: autoDraw = False
107.5096 	EXP 	text: height = 0.05
107.5096 	EXP 	text: height = 0.05
107.5096 	EXP 	text: height = 0.05
107.5096 	EXP 	text: text = 'GBP 16 today or GBP 63 after 200 days'
107.5096 	EXP 	Fixation: autoDraw = True
108.4436 	DATA 	Keypress: t
108.5093 	INFO 	Keyboard events cleared
108.5087 	EXP 	Fixation: autoDraw = False
108.5087 	EXP 	text: autoDraw = True
108.7434 	EXP 	New trial (rep=0, index=74): <Trial 74 (74 in rep 0) data={'reward_today': 26, 'future_reward': 91, 'delay': 36, 'thisN': 74, 'thisTrialN': 74, 'thisRepN': 0}>
108.7503 	DATA 	Keypress: t
108.7586 	EXP 	Fixation: autoDraw = False
108.7586 	EXP 	text: autoDraw = False
108.7586 	EXP 	text: height = 0.05
108.7586 	EXP 	text: height = 0.05
108.7586 	EXP 	text: height = 0.05
108.7586 	EXP 	text: text = 'GBP 26 today or GBP 91 after 36 days'
108.7586 	EXP 	Fixation: autoDraw = True
109.6093 	DATA 	Keypress: t
109.7583 	INFO 	Keyboard events cleared
109.7577 	EXP 	Fixation: autoDraw = False
109.7577 	EXP 	text: autoDraw = True
109.9760 	EXP 	New trial (rep=0, index=75): <Trial 75 (75 in rep 0) data={'reward_today': 68, 'future_reward': 187, 'delay': 8, 'thisN': 75, 'thisTrialN': 75, 'thisRepN': 0}>
109.9825 	DATA 	Keypress: t
109.9907 	EXP 	Fixation: autoDraw = False
109.9907 	EXP 	text: autoDraw = False
109.9907 	EXP 	text: height = 0.05
109.9907 	EXP 	text: height = 0.05
109.9907 	EXP 	text: height = 0.05
109.9907 	EXP 	text: text = 'GBP 68 today or GBP 187 after 8 days'
109.9907 	EXP 	Fixation: autoDraw = True
110.2921 	DATA 	Keypress: t
110.6086 	DATA 	Keypress: l
110.9248 	DATA 	Keypress: l
110.9905 	INFO 	Keyboard events cleared
110.9899 	EXP 	Fixation: autoDraw = False
110.9899 	EXP 	text: autoDraw = True
111.2413 	EXP 	New trial (rep=0, index=76): <Trial 76 (76 in rep 0) data={'reward_today': 42, 'future_reward': 106, 'delay': 48, 'thisN': 76, 'thisTrialN': 76, 'thisRepN': 0}>
111.2472 	DATA 	Keypress: l
111.2563 	EXP 	Fixation: autoDraw = False
111.2563 	EXP 	text: autoDraw = False
111.2563 	EXP 	text: height = 0.05
111.2563 	EXP 	text: height = 0.05
111.2563 	EXP 	text: height = 0.05
111.2563 	EXP 	text: text = 'GBP 42 today or GBP 106 after 48 days'
111.2563 	EXP 	Fixation: autoDraw = True
112.0241 	DATA 	Keypress: l
112.2561 	INFO 	Keyboard events cleared
112.2555 	EXP 	Fixation: autoDraw = False
112.2555 	EXP 	text: autoDraw = True
113.0229 	EXP 	New trial (rep=0, index=77): <Trial 77 (77 in rep 0) data={'reward_today': 64, 'future_reward': 131, 'delay': 45, 'thisN': 77, 'thisTrialN': 77, 'thisRepN': 0}>
113.0286 	DATA 	Keypress: l
113.0382 	EXP 	Fixation: autoDraw = False
113.0382 	EXP 	text: autoDraw = False
113.0382 	EXP 	text: height = 0.05
113.0382 	EXP 	text: height = 0.05
113.0382 	EXP 	text: height = 0.05
113.0382 	EXP 	text: text = 'GBP 64 today or GBP 131 after 45 days'
113.0382 	EXP 	Fixation: autoDraw = True
113.8393 	DATA 	Keypress: l
114.0380 	INFO 	Keyboard events cleared
114.0374 	EXP 	Fixation: autoDraw = False
114.0374 	EXP 	text: autoDraw = True
114.0890 	EXP 	New trial (rep=0, index=78): <Trial 78 (78 in rep 0) data={'reward_today': 88, 'future_reward': 135, 'delay': 197, 'thisN': 78, 'thisTrialN': 78, 'thisRepN': 0}>
114.0961 	DATA 	Keypress: l
114.1038 	EXP 	Fixation: autoDraw = False
114.1038 	EXP 	text: autoDraw = False
114.1038 	EXP 	text: height = 0.05
114.1038 	EXP 	text: height = 0.05
114.1038 	EXP 	text: height = 0.05
114.1038 	EXP 	text: text = 'GBP 88 today or GBP 135 after 197 days'
114.1038 	EXP 	Fixation: autoDraw = True
114.3051 	DATA 	Keypress: l
115.1038 	INFO 	Keyboard events cleared
115.1031 	EXP 	Fixation: autoDraw = False
115.1031 	EXP 	text: autoDraw = True
115.5377 	EXP 	New trial (rep=0, index=79): <Trial 79 (79 in rep 0) data={'reward_today': 25, 'future_reward': 131, 'delay': 151, 'thisN': 79, 'thisTrialN': 79, 'thisRepN': 0}>
115.5453 	DATA 	Keypress: l
115.5525 	EXP 	Fixation: autoDraw = False
115.5525 	EXP 	text: autoDraw = False
115.5525 	EXP 	text: height = 0.05
115.5525 	EXP 	text: height = 0.05
115.5525 	EXP 	text: height = 0.05
115.5525 	EXP 	text: text = 'GBP 25 today or GBP 131 after 151 days'
115.5525 	EXP 	Fixation: autoDraw = True
116.5524 	INFO 	Keyboard events cleared
116.5518 	EXP 	Fixation: autoDraw = False
116.5518 	EXP 	text: autoDraw = True
116.8698 	EXP 	New trial (rep=0, index=80): <Trial 80 (80 in rep 0) data={'reward_today': 64, 'future_reward': 86, 'delay': 66, 'thisN': 80, 'thisTrialN': 80, 'thisRepN': 0}>
116.8771 	DATA 	Keypress: t
116.8847 	EXP 	Fixation: autoDraw = False
116.8847 	EXP 	text: autoDraw = False
116.8847 	EXP 	text: height = 0.05
116.8847 	EXP 	text: height = 0.05
116.8847 	EXP 	text: height = 0.05
116.8847 	EXP 	text: text = 'GBP 64 today or GBP 86 after 66 days'
116.8847 	EXP 	Fixation: autoDraw = True
117.8692 	DATA 	Keypress: t
117.8848 	INFO 	Keyboard events cleared
117.8842 	EXP 	Fixation: autoDraw = False
117.8842 	EXP 	text: autoDraw = True
118.2017 	EXP 	New trial (rep=0, index=81): <Trial 81 (81 in rep 0) data={'reward_today': 17, 'future_reward': 105, 'delay': 179, 'thisN': 81, 'thisTrialN': 81, 'thisRepN': 0}>
118.2071 	DATA 	Keypress: t
118.2171 	EXP 	Fixation: autoDraw = False
118.2171 	EXP 	text: autoDraw = False
118.2171 	EXP 	text: height = 0.05
118.2171 	EXP 	text: height = 0.05
118.2171 	EXP 	text: height = 0.05
118.2171 	EXP 	text: text = 'GBP 17 today or GBP 105 after 179 days'
118.2171 	EXP 	Fixation: autoDraw = True
118.5181 	DATA 	Keypress: t
118.8678 	DATA 	Keypress: t
119.1174 	DATA 	Keypress: t
119.2166 	INFO 	Keyboard events cleared
119.2161 	EXP 	text: autoDraw = True
119.2329 	EXP 	Fixation: autoDraw = False
119.4341 	EXP 	New trial (rep=0, index=82): <Trial 82 (82 in rep 0) data={'reward_today': 23, 'future_reward': 99, 'delay': 127, 'thisN': 82, 'thisTrialN': 82, 'thisRepN': 0}>
119.4398 	DATA 	Keypress: t
119.4492 	EXP 	Fixation: autoDraw = False
119.4492 	EXP 	text: autoDraw = False
119.4492 	EXP 	text: height = 0.05
119.4492 	EXP 	text: height = 0.05
119.4492 	EXP 	text: height = 0.05
119.4492 	EXP 	text: text = 'GBP 23 today or GBP 99 after 127 days'
119.4492 	EXP 	Fixation: autoDraw = True
119.9343 	DATA 	Keypress: t
120.2666 	DATA 	Keypress: t
120.4490 	INFO 	Keyboard events cleared
120.4485 	EXP 	Fixation: autoDraw = False
120.4485 	EXP 	text: autoDraw = True
120.5497 	EXP 	New trial (rep=0, index=83): <Trial 83 (83 in rep 0) data={'reward_today': 8, 'future_reward': 33, 'delay': 41, 'thisN': 83, 'thisTrialN': 83, 'thisRepN': 0}>
120.5559 	DATA 	Keypress: t
120.5650 	EXP 	Fixation: autoDraw = False
120.5650 	EXP 	text: autoDraw = False
120.5650 	EXP 	text: height = 0.05
120.5650 	EXP 	text: height = 0.05
120.5650 	EXP 	text: height = 0.05
120.5650 	EXP 	text: text = 'GBP 8 today or GBP 33 after 41 days'
120.5650 	EXP 	Fixation: autoDraw = True
120.8661 	DATA 	Keypress: t
121.0989 	DATA 	Keypress: t
121.4327 	DATA 	Keypress: t
121.5650 	INFO 	Keyboard events cleared
121.5642 	EXP 	Fixation: autoDraw = False
121.5642 	EXP 	text: autoDraw = True
121.6826 	EXP 	New trial (rep=0, index=84): <Trial 84 (84 in rep 0) data={'reward_today': 22, 'future_reward': 121, 'delay': 50, 'thisN': 84, 'thisTrialN': 84, 'thisRepN': 0}>
121.6929 	DATA 	Keypress: t
121.6974 	EXP 	Fixation: autoDraw = False
121.6974 	EXP 	text: autoDraw = False
121.6974 	EXP 	text: height = 0.05
121.6974 	EXP 	text: height = 0.05
121.6974 	EXP 	text: height = 0.05
121.6974 	EXP 	text: text = 'GBP 22 today or GBP 121 after 50 days'
121.6974 	EXP 	Fixation: autoDraw = True
122.1316 	DATA 	Keypress: t
122.3483 	DATA 	Keypress: t
122.6970 	INFO 	Keyboard events cleared
122.6964 	EXP 	text: autoDraw = True
122.7131 	EXP 	Fixation: autoDraw = False
122.7315 	EXP 	New trial (rep=0, index=85): <Trial 85 (85 in rep 0) data={'reward_today': 66, 'future_reward': 148, 'delay': 18, 'thisN': 85, 'thisTrialN': 85, 'thisRepN': 0}>
122.7385 	DATA 	Keypress: t
122.7463 	EXP 	Fixation: autoDraw = False
122.7463 	EXP 	text: autoDraw = False
122.7463 	EXP 	text: height = 0.05
122.7463 	EXP 	text: height = 0.05
122.7463 	EXP 	text: height = 0.05
122.7463 	EXP 	text: text = 'GBP 66 today or GBP 148 after 18 days'
122.7463 	EXP 	Fixation: autoDraw = True
122.9643 	DATA 	Keypress: t
123.3641 	DATA 	Keypress: t
123.5974 	DATA 	Keypress: t
123.7461 	INFO 	Keyboard events cleared
123.7455 	EXP 	Fixation: autoDraw = False
123.7455 	EXP 	text: autoDraw = True
123.8471 	EXP 	New trial (rep=0, index=86): <Trial 86 (86 in rep 0) data={'reward_today': 34, 'future_reward': 122, 'delay': 81, 'thisN': 86, 'thisTrialN': 86, 'thisRepN': 0}>
123.8561 	DATA 	Keypress: t
123.8620 	EXP 	Fixation: autoDraw = False
123.8620 	EXP 	text: autoDraw = False
123.8620 	EXP 	text: height = 0.05
123.8620 	EXP 	text: height = 0.05
123.8620 	EXP 	text: height = 0.05
123.8620 	EXP 	text: text = 'GBP 34 today or GBP 122 after 81 days'
123.8620 	EXP 	Fixation: autoDraw = True
124.0797 	DATA 	Keypress: t
124.3629 	DATA 	Keypress: t
124.6132 	DATA 	Keypress: t
124.8616 	INFO 	Keyboard events cleared
124.8612 	EXP 	Fixation: autoDraw = False
124.8612 	EXP 	text: autoDraw = True
124.9129 	EXP 	New trial (rep=0, index=87): <Trial 87 (87 in rep 0) data={'reward_today': 30, 'future_reward': 81, 'delay': 56, 'thisN': 87, 'thisTrialN': 87, 'thisRepN': 0}>
124.9210 	DATA 	Keypress: t
124.9279 	EXP 	Fixation: autoDraw = False
124.9279 	EXP 	text: autoDraw = False
124.9279 	EXP 	text: height = 0.05
124.9279 	EXP 	text: height = 0.05
124.9279 	EXP 	text: height = 0.05
124.9279 	EXP 	text: text = 'GBP 30 today or GBP 81 after 56 days'
124.9279 	EXP 	Fixation: autoDraw = True
125.0958 	DATA 	Keypress: t
125.3456 	DATA 	Keypress: t
125.6116 	DATA 	Keypress: t
125.8617 	DATA 	Keypress: t
125.9272 	INFO 	Keyboard events cleared
125.9268 	EXP 	text: autoDraw = True
125.9435 	EXP 	Fixation: autoDraw = False
126.1114 	EXP 	New trial (rep=0, index=88): <Trial 88 (88 in rep 0) data={'reward_today': 67, 'future_reward': 75, 'delay': 118, 'thisN': 88, 'thisTrialN': 88, 'thisRepN': 0}>
126.1170 	DATA 	Keypress: t
126.1267 	EXP 	Fixation: autoDraw = False
126.1267 	EXP 	text: autoDraw = False
126.1267 	EXP 	text: height = 0.05
126.1267 	EXP 	text: height = 0.05
126.1267 	EXP 	text: height = 0.05
126.1267 	EXP 	text: text = 'GBP 67 today or GBP 75 after 118 days'
126.1267 	EXP 	Fixation: autoDraw = True
127.1264 	INFO 	Keyboard events cleared
127.1260 	EXP 	Fixation: autoDraw = False
127.1260 	EXP 	text: autoDraw = True
127.3774 	EXP 	New trial (rep=0, index=89): <Trial 89 (89 in rep 0) data={'reward_today': 62, 'future_reward': 171, 'delay': 54, 'thisN': 89, 'thisTrialN': 89, 'thisRepN': 0}>
127.3838 	DATA 	Keypress: t
127.3924 	EXP 	Fixation: autoDraw = False
127.3924 	EXP 	text: autoDraw = False
127.3924 	EXP 	text: height = 0.05
127.3924 	EXP 	text: height = 0.05
127.3924 	EXP 	text: height = 0.05
127.3924 	EXP 	text: text = 'GBP 62 today or GBP 171 after 54 days'
127.3924 	EXP 	Fixation: autoDraw = True
128.3921 	INFO 	Keyboard events cleared
128.3915 	EXP 	text: autoDraw = True
128.4081 	EXP 	Fixation: autoDraw = False
128.6929 	EXP 	New trial (rep=0, index=90): <Trial 90 (90 in rep 0) data={'reward_today': 37, 'future_reward': 78, 'delay': 88, 'thisN': 90, 'thisTrialN': 90, 'thisRepN': 0}>
128.7015 	DATA 	Keypress: t
128.7078 	EXP 	Fixation: autoDraw = False
128.7078 	EXP 	text: autoDraw = False
128.7078 	EXP 	text: height = 0.05
128.7078 	EXP 	text: height = 0.05
128.7078 	EXP 	text: height = 0.05
128.7078 	EXP 	text: text = 'GBP 37 today or GBP 78 after 88 days'
128.7078 	EXP 	Fixation: autoDraw = True
129.7075 	INFO 	Keyboard events cleared
129.7070 	EXP 	Fixation: autoDraw = False
129.7070 	EXP 	text: autoDraw = True
130.0417 	EXP 	New trial (rep=0, index=91): <Trial 91 (91 in rep 0) data={'reward_today': 72, 'future_reward': 141, 'delay': 156, 'thisN': 91, 'thisTrialN': 91, 'thisRepN': 0}>
130.0475 	DATA 	Keypress: t
130.0565 	EXP 	Fixation: autoDraw = False
130.0565 	EXP 	text: autoDraw = False
130.0565 	EXP 	text: height = 0.05
130.0565 	EXP 	text: height = 0.05
130.0565 	EXP 	text: height = 0.05
130.0565 	EXP 	text: text = 'GBP 72 today or GBP 141 after 156 days'
130.0565 	EXP 	Fixation: autoDraw = True
131.0564 	INFO 	Keyboard events cleared
131.0559 	EXP 	Fixation: autoDraw = False
131.0559 	EXP 	text: autoDraw = True
131.5733 	EXP 	New trial (rep=0, index=92): <Trial 92 (92 in rep 0) data={'reward_today': 35, 'future_reward': 44, 'delay': 3, 'thisN': 92, 'thisTrialN': 92, 'thisRepN': 0}>
131.5789 	DATA 	Keypress: t
131.5889 	EXP 	Fixation: autoDraw = False
131.5889 	EXP 	text: autoDraw = False
131.5889 	EXP 	text: height = 0.05
131.5889 	EXP 	text: height = 0.05
131.5889 	EXP 	text: height = 0.05
131.5889 	EXP 	text: text = 'GBP 35 today or GBP 44 after 3 days'
131.5889 	EXP 	Fixation: autoDraw = True
132.5884 	INFO 	Keyboard events cleared
132.5878 	EXP 	text: autoDraw = True
132.6045 	EXP 	Fixation: autoDraw = False
133.0224 	EXP 	New trial (rep=0, index=93): <Trial 93 (93 in rep 0) data={'reward_today': 13, 'future_reward': 62, 'delay': 59, 'thisN': 93, 'thisTrialN': 93, 'thisRepN': 0}>
133.0299 	DATA 	Keypress: l
133.0375 	EXP 	Fixation: autoDraw = False
133.0375 	EXP 	text: autoDraw = False
133.0375 	EXP 	text: height = 0.05
133.0375 	EXP 	text: height = 0.05
133.0375 	EXP 	text: height = 0.05
133.0375 	EXP 	text: text = 'GBP 13 today or GBP 62 after 59 days'
133.0375 	EXP 	Fixation: autoDraw = True
134.0370 	INFO 	Keyboard events cleared
134.0365 	EXP 	text: autoDraw = True
134.0532 	EXP 	Fixation: autoDraw = False
135.0872 	EXP 	New trial (rep=0, index=94): <Trial 94 (94 in rep 0) data={'reward_today': 28, 'future_reward': 117, 'delay': 104, 'thisN': 94, 'thisTrialN': 94, 'thisRepN': 0}>
135.0950 	DATA 	Keypress: l
135.1022 	EXP 	Fixation: autoDraw = False
135.1022 	EXP 	text: autoDraw = False
135.1022 	EXP 	text: height = 0.05
135.1022 	EXP 	text: height = 0.05
135.1022 	EXP 	text: height = 0.05
135.1022 	EXP 	text: text = 'GBP 28 today or GBP 117 after 104 days'
135.1022 	EXP 	Fixation: autoDraw = True
136.1021 	INFO 	Keyboard events cleared
136.1015 	EXP 	Fixation: autoDraw = False
136.1015 	EXP 	text: autoDraw = True
136.9692 	EXP 	New trial (rep=0, index=95): <Trial 95 (95 in rep 0) data={'reward_today': 23, 'future_reward': 85, 'delay': 191, 'thisN': 95, 'thisTrialN': 95, 'thisRepN': 0}>
136.9776 	DATA 	Keypress: t
136.9841 	EXP 	Fixation: autoDraw = False
136.9841 	EXP 	text: autoDraw = False
136.9841 	EXP 	text: height = 0.05
136.9841 	EXP 	text: height = 0.05
136.9841 	EXP 	text: height = 0.05
136.9841 	EXP 	text: text = 'GBP 23 today or GBP 85 after 191 days'
136.9841 	EXP 	Fixation: autoDraw = True
137.9843 	INFO 	Keyboard events cleared
137.9835 	EXP 	Fixation: autoDraw = False
137.9835 	EXP 	text: autoDraw = True
138.7673 	EXP 	New trial (rep=0, index=96): <Trial 96 (96 in rep 0) data={'reward_today': 50, 'future_reward': 72, 'delay': 189, 'thisN': 96, 'thisTrialN': 96, 'thisRepN': 0}>
138.7737 	DATA 	Keypress: t
138.7822 	EXP 	Fixation: autoDraw = False
138.7822 	EXP 	text: autoDraw = False
138.7822 	EXP 	text: height = 0.05
138.7822 	EXP 	text: height = 0.05
138.7822 	EXP 	text: height = 0.05
138.7822 	EXP 	text: text = 'GBP 50 today or GBP 72 after 189 days'
138.7822 	EXP 	Fixation: autoDraw = True
139.7820 	INFO 	Keyboard events cleared
139.7814 	EXP 	Fixation: autoDraw = False
139.7814 	EXP 	text: autoDraw = True
140.4823 	EXP 	New trial (rep=0, index=97): <Trial 97 (97 in rep 0) data={'reward_today': 44, 'future_reward': 83, 'delay': 134, 'thisN': 97, 'thisTrialN': 97, 'thisRepN': 0}>
140.4880 	DATA 	Keypress: t
140.4975 	EXP 	Fixation: autoDraw = False
140.4975 	EXP 	text: autoDraw = False
140.4975 	EXP 	text: height = 0.05
140.4975 	EXP 	text: height = 0.05
140.4975 	EXP 	text: height = 0.05
140.4975 	EXP 	text: text = 'GBP 44 today or GBP 83 after 134 days'
140.4975 	EXP 	Fixation: autoDraw = True
141.4975 	INFO 	Keyboard events cleared
141.4968 	EXP 	Fixation: autoDraw = False
141.4968 	EXP 	text: autoDraw = True
142.2987 	EXP 	New trial (rep=0, index=98): <Trial 98 (98 in rep 0) data={'reward_today': 73, 'future_reward': 147, 'delay': 120, 'thisN': 98, 'thisTrialN': 98, 'thisRepN': 0}>
142.3069 	DATA 	Keypress: t
142.3128 	EXP 	Fixation: autoDraw = False
142.3128 	EXP 	text: autoDraw = False
142.3128 	EXP 	text: height = 0.05
142.3128 	EXP 	text: height = 0.05
142.3128 	EXP 	text: height = 0.05
142.3128 	EXP 	text: text = 'GBP 73 today or GBP 147 after 120 days'
142.3128 	EXP 	Fixation: autoDraw = True
143.3125 	INFO 	Keyboard events cleared
143.3119 	EXP 	Fixation: autoDraw = False
143.3119 	EXP 	text: autoDraw = True
143.9962 	EXP 	New trial (rep=0, index=99): <Trial 99 (99 in rep 0) data={'reward_today': 61, 'future_reward': 120, 'delay': 143, 'thisN': 99, 'thisTrialN': 99, 'thisRepN': 0}>
144.0015 	DATA 	Keypress: t
144.0110 	EXP 	Fixation: autoDraw = False
144.0110 	EXP 	text: autoDraw = False
144.0110 	EXP 	text: height = 0.05
144.0110 	EXP 	text: height = 0.05
144.0110 	EXP 	text: height = 0.05
144.0110 	EXP 	text: text = 'GBP 61 today or GBP 120 after 143 days'
144.0110 	EXP 	Fixation: autoDraw = True
145.0109 	INFO 	Keyboard events cleared
145.0103 	EXP 	Fixation: autoDraw = False
145.0103 	EXP 	text: autoDraw = True
145.4456 	DATA 	Keypress: t
145.4601 	EXP 	Fixation: autoDraw = False
145.4601 	EXP 	text: autoDraw = False
145.4602 	EXP 	Delay Discounting Main: status = STOPPED
145.5083 	INFO 	saved data to 'C:\\Users\\DELL\\OneDrive\\Desktop\\PsychoPy\\6 Delay Discounting\\data/0003_Delay Discounting Main_2025-11-06_22h54.22.307.csv'
145.5112 	INFO 	saved data to C:\Users\DELL\OneDrive\Desktop\PsychoPy\6 Delay Discounting\data/0003_Delay Discounting Main_2025-11-06_22h54.22.307.psydat
